Command line invocation:
    /Applications/Xcode.app/Contents/Developer/usr/bin/xcodebuild -scheme BabyLoading -project BabyLoading.xcodeproj clean build

--- xcodebuild: WARNING: Using the first of multiple matching destinations:
{ platform:macOS, arch:arm64, id:00008132-001E0854220B801C, name:My Mac }
{ platform:macOS, arch:x86_64, id:00008132-001E0854220B801C, name:My Mac }
{ platform:iOS, id:dvtdevice-DVTiPhonePlaceholder-iphoneos:placeholder, name:Any iOS Device }
{ platform:iOS Simulator, id:dvtdevice-DVTiOSDeviceSimulatorPlaceholder-iphonesimulator:placeholder, name:Any iOS Simulator Device }
{ platform:macOS, name:Any Mac }
{ platform:visionOS, id:dvtdevice-DVTiOSDevicePlaceholder-xros:placeholder, name:Any visionOS Device }
{ platform:visionOS Simulator, id:dvtdevice-DVTiOSDeviceSimulatorPlaceholder-xrsimulator:placeholder, name:Any visionOS Simulator Device }
{ platform:iOS, arch:arm64, id:00008120-001175442261A01E, name:iPhone de Camila Cuaran }
{ platform:iOS, arch:arm64, id:00008120-001631E00131A01E, name:iPhone Pablo }
CreateBuildRequest

SendProjectDescription

CreateBuildOperation

** CLEAN SUCCEEDED **

--- xcodebuild: WARNING: Using the first of multiple matching destinations:
{ platform:macOS, arch:arm64, id:00008132-001E0854220B801C, name:My Mac }
{ platform:macOS, arch:x86_64, id:00008132-001E0854220B801C, name:My Mac }
{ platform:iOS, id:dvtdevice-DVTiPhonePlaceholder-iphoneos:placeholder, name:Any iOS Device }
{ platform:iOS Simulator, id:dvtdevice-DVTiOSDeviceSimulatorPlaceholder-iphonesimulator:placeholder, name:Any iOS Simulator Device }
{ platform:macOS, name:Any Mac }
{ platform:iOS Simulator, arch:arm64, id:FA7E9053-7AF0-4F0D-BE29-03EE62B411E4, OS:26.2, name:iPad (A16) }
{ platform:iOS Simulator, arch:x86_64, id:FA7E9053-7AF0-4F0D-BE29-03EE62B411E4, OS:26.2, name:iPad (A16) }
{ platform:iOS Simulator, arch:arm64, id:E0CD27E7-F42D-487A-900E-53B26048E996, OS:26.2, name:iPad Air 11-inch (M3) }
{ platform:iOS Simulator, arch:x86_64, id:E0CD27E7-F42D-487A-900E-53B26048E996, OS:26.2, name:iPad Air 11-inch (M3) }
{ platform:iOS Simulator, arch:arm64, id:49CF130F-328D-4497-8067-C6B62B8407E3, OS:26.2, name:iPad Air 13-inch (M3) }
{ platform:iOS Simulator, arch:x86_64, id:49CF130F-328D-4497-8067-C6B62B8407E3, OS:26.2, name:iPad Air 13-inch (M3) }
{ platform:iOS Simulator, arch:arm64, id:EE0D16E5-5FFC-435F-B8DD-FB60EAD4E358, OS:26.2, name:iPad Pro 11-inch (M5) }
{ platform:iOS Simulator, arch:x86_64, id:EE0D16E5-5FFC-435F-B8DD-FB60EAD4E358, OS:26.2, name:iPad Pro 11-inch (M5) }
{ platform:iOS Simulator, arch:arm64, id:1EE1C3EF-F63A-45C2-B94A-CB41B33B66D5, OS:26.2, name:iPad Pro 13-inch (M5) }
{ platform:iOS Simulator, arch:x86_64, id:1EE1C3EF-F63A-45C2-B94A-CB41B33B66D5, OS:26.2, name:iPad Pro 13-inch (M5) }
{ platform:iOS Simulator, arch:arm64, id:7945B705-001C-4823-A2D4-C195CAE719E8, OS:26.2, name:iPad mini (A17 Pro) }
{ platform:iOS Simulator, arch:x86_64, id:7945B705-001C-4823-A2D4-C195CAE719E8, OS:26.2, name:iPad mini (A17 Pro) }
{ platform:iOS Simulator, arch:arm64, id:4CA94D9B-15D1-48AB-9D67-53278D01F6AC, OS:26.2, name:iPhone 16e }
{ platform:iOS Simulator, arch:x86_64, id:4CA94D9B-15D1-48AB-9D67-53278D01F6AC, OS:26.2, name:iPhone 16e }
{ platform:iOS Simulator, arch:arm64, id:007FF693-899D-4C28-A906-B415BD6CDD9C, OS:26.2, name:iPhone 17 }
{ platform:iOS Simulator, arch:x86_64, id:007FF693-899D-4C28-A906-B415BD6CDD9C, OS:26.2, name:iPhone 17 }
{ platform:iOS Simulator, arch:arm64, id:70E6BE94-C8BB-4ABE-9BE8-17CDE1D8F54C, OS:26.2, name:iPhone 17 Pro }
{ platform:iOS Simulator, arch:x86_64, id:70E6BE94-C8BB-4ABE-9BE8-17CDE1D8F54C, OS:26.2, name:iPhone 17 Pro }
{ platform:iOS Simulator, arch:arm64, id:D7959FF6-05B7-4E53-A40F-CCA430EB12F6, OS:26.2, name:iPhone 17 Pro Max }
{ platform:iOS Simulator, arch:x86_64, id:D7959FF6-05B7-4E53-A40F-CCA430EB12F6, OS:26.2, name:iPhone 17 Pro Max }
{ platform:iOS Simulator, arch:arm64, id:E5FDB1E6-AA79-42D8-AFE1-53C86B908730, OS:26.2, name:iPhone Air }
{ platform:iOS Simulator, arch:x86_64, id:E5FDB1E6-AA79-42D8-AFE1-53C86B908730, OS:26.2, name:iPhone Air }
{ platform:iOS, arch:arm64, id:00008120-001175442261A01E, name:iPhone de Camila Cuaran }
{ platform:iOS, arch:arm64, id:00008120-001631E00131A01E, name:iPhone Pablo }
ComputePackagePrebuildTargetDependencyGraph

Prepare packages

CreateBuildRequest

SendProjectDescription

CreateBuildOperation

ComputeTargetDependencyGraph
note: Building targets in dependency order
note: Target dependency graph (2 targets)
    Target 'BabyLoading' in project 'BabyLoading'
        ➜ Explicit dependency on target 'BabyProgressWidgetExtension' in project 'BabyLoading'
    Target 'BabyProgressWidgetExtension' in project 'BabyLoading' (no dependencies)

GatherProvisioningInputs

CreateBuildDescription

ExecuteExternalTool /Applications/Xcode.app/Contents/Developer/Toolchains/XcodeDefault.xctoolchain/usr/bin/clang -v -E -dM -isysroot /Applications/Xcode.app/Contents/Developer/Platforms/iPhoneOS.platform/Developer/SDKs/iPhoneOS26.2.sdk -x c -c /dev/null

ExecuteExternalTool /Applications/Xcode.app/Contents/Developer/usr/bin/actool --version --output-format xml1

ExecuteExternalTool /Applications/Xcode.app/Contents/Developer/Toolchains/XcodeDefault.xctoolchain/usr/bin/swiftc --version

ExecuteExternalTool /Applications/Xcode.app/Contents/Developer/Toolchains/XcodeDefault.xctoolchain/usr/bin/clang -v -E -dM -isysroot /Applications/Xcode.app/Contents/Developer/Platforms/MacOSX.platform/Developer/SDKs/MacOSX26.2.sdk -x c -c /dev/null

ExecuteExternalTool /Applications/Xcode.app/Contents/Developer/Toolchains/XcodeDefault.xctoolchain/usr/bin/ld -version_details

Build description signature: 407ff25f2fa6b2b03589933df1eb4e03
Build description path: /Users/pablo.ruiz.local/Library/Developer/Xcode/DerivedData/BabyLoading-devgcdutwgmnjvbujxkuusisadmd/Build/Intermediates.noindex/XCBuildData/407ff25f2fa6b2b03589933df1eb4e03.xcbuilddata
ClangStatCache /Applications/Xcode.app/Contents/Developer/Toolchains/XcodeDefault.xctoolchain/usr/bin/clang-stat-cache /Applications/Xcode.app/Contents/Developer/Platforms/iPhoneOS.platform/Developer/SDKs/iPhoneOS26.2.sdk /Users/pablo.ruiz.local/Library/Developer/Xcode/DerivedData/SDKStatCaches.noindex/iphoneos26.2-23C53-3794476bd08197c3e2abd9bb477ef7f7.sdkstatcache
    cd /Users/pablo.ruiz.local/Documents/XCode/BabyLoading/BabyLoading.xcodeproj
    /Applications/Xcode.app/Contents/Developer/Toolchains/XcodeDefault.xctoolchain/usr/bin/clang-stat-cache /Applications/Xcode.app/Contents/Developer/Platforms/iPhoneOS.platform/Developer/SDKs/iPhoneOS26.2.sdk -o /Users/pablo.ruiz.local/Library/Developer/Xcode/DerivedData/SDKStatCaches.noindex/iphoneos26.2-23C53-3794476bd08197c3e2abd9bb477ef7f7.sdkstatcache

ClangStatCache /Applications/Xcode.app/Contents/Developer/Toolchains/XcodeDefault.xctoolchain/usr/bin/clang-stat-cache /Applications/Xcode.app/Contents/Developer/Platforms/MacOSX.platform/Developer/SDKs/MacOSX26.2.sdk /Users/pablo.ruiz.local/Library/Developer/Xcode/DerivedData/SDKStatCaches.noindex/macosx26.2-25C57-00fa09913b459cbbc988d1f6730289ae.sdkstatcache
    cd /Users/pablo.ruiz.local/Documents/XCode/BabyLoading/BabyLoading.xcodeproj
    /Applications/Xcode.app/Contents/Developer/Toolchains/XcodeDefault.xctoolchain/usr/bin/clang-stat-cache /Applications/Xcode.app/Contents/Developer/Platforms/MacOSX.platform/Developer/SDKs/MacOSX26.2.sdk -o /Users/pablo.ruiz.local/Library/Developer/Xcode/DerivedData/SDKStatCaches.noindex/macosx26.2-25C57-00fa09913b459cbbc988d1f6730289ae.sdkstatcache

CreateBuildDirectory /Users/pablo.ruiz.local/Library/Developer/Xcode/DerivedData/BabyLoading-devgcdutwgmnjvbujxkuusisadmd/Build/Intermediates.noindex
    cd /Users/pablo.ruiz.local/Documents/XCode/BabyLoading/BabyLoading.xcodeproj
    builtin-create-build-directory /Users/pablo.ruiz.local/Library/Developer/Xcode/DerivedData/BabyLoading-devgcdutwgmnjvbujxkuusisadmd/Build/Intermediates.noindex

CreateBuildDirectory /Users/pablo.ruiz.local/Library/Developer/Xcode/DerivedData/BabyLoading-devgcdutwgmnjvbujxkuusisadmd/Build/Products
    cd /Users/pablo.ruiz.local/Documents/XCode/BabyLoading/BabyLoading.xcodeproj
    builtin-create-build-directory /Users/pablo.ruiz.local/Library/Developer/Xcode/DerivedData/BabyLoading-devgcdutwgmnjvbujxkuusisadmd/Build/Products

CreateBuildDirectory /Users/pablo.ruiz.local/Library/Developer/Xcode/DerivedData/BabyLoading-devgcdutwgmnjvbujxkuusisadmd/Build/Intermediates.noindex/ExplicitPrecompiledModules
    cd /Users/pablo.ruiz.local/Documents/XCode/BabyLoading/BabyLoading.xcodeproj
    builtin-create-build-directory /Users/pablo.ruiz.local/Library/Developer/Xcode/DerivedData/BabyLoading-devgcdutwgmnjvbujxkuusisadmd/Build/Intermediates.noindex/ExplicitPrecompiledModules

CreateBuildDirectory /Users/pablo.ruiz.local/Library/Developer/Xcode/DerivedData/BabyLoading-devgcdutwgmnjvbujxkuusisadmd/Build/Intermediates.noindex/SwiftExplicitPrecompiledModules
    cd /Users/pablo.ruiz.local/Documents/XCode/BabyLoading/BabyLoading.xcodeproj
    builtin-create-build-directory /Users/pablo.ruiz.local/Library/Developer/Xcode/DerivedData/BabyLoading-devgcdutwgmnjvbujxkuusisadmd/Build/Intermediates.noindex/SwiftExplicitPrecompiledModules

CreateBuildDirectory /Users/pablo.ruiz.local/Library/Developer/Xcode/DerivedData/BabyLoading-devgcdutwgmnjvbujxkuusisadmd/Build/Products/Debug
    cd /Users/pablo.ruiz.local/Documents/XCode/BabyLoading/BabyLoading.xcodeproj
    builtin-create-build-directory /Users/pablo.ruiz.local/Library/Developer/Xcode/DerivedData/BabyLoading-devgcdutwgmnjvbujxkuusisadmd/Build/Products/Debug

CreateBuildDirectory /Users/pablo.ruiz.local/Library/Developer/Xcode/DerivedData/BabyLoading-devgcdutwgmnjvbujxkuusisadmd/Build/Products/Debug-iphoneos
    cd /Users/pablo.ruiz.local/Documents/XCode/BabyLoading/BabyLoading.xcodeproj
    builtin-create-build-directory /Users/pablo.ruiz.local/Library/Developer/Xcode/DerivedData/BabyLoading-devgcdutwgmnjvbujxkuusisadmd/Build/Products/Debug-iphoneos

CreateBuildDirectory /Users/pablo.ruiz.local/Library/Developer/Xcode/DerivedData/BabyLoading-devgcdutwgmnjvbujxkuusisadmd/Build/Intermediates.noindex/EagerLinkingTBDs/Debug-iphoneos
    cd /Users/pablo.ruiz.local/Documents/XCode/BabyLoading/BabyLoading.xcodeproj
    builtin-create-build-directory /Users/pablo.ruiz.local/Library/Developer/Xcode/DerivedData/BabyLoading-devgcdutwgmnjvbujxkuusisadmd/Build/Intermediates.noindex/EagerLinkingTBDs/Debug-iphoneos

CreateBuildDirectory /Users/pablo.ruiz.local/Library/Developer/Xcode/DerivedData/BabyLoading-devgcdutwgmnjvbujxkuusisadmd/Build/Intermediates.noindex/EagerLinkingTBDs/Debug
    cd /Users/pablo.ruiz.local/Documents/XCode/BabyLoading/BabyLoading.xcodeproj
    builtin-create-build-directory /Users/pablo.ruiz.local/Library/Developer/Xcode/DerivedData/BabyLoading-devgcdutwgmnjvbujxkuusisadmd/Build/Intermediates.noindex/EagerLinkingTBDs/Debug

WriteAuxiliaryFile /Users/pablo.ruiz.local/Library/Developer/Xcode/DerivedData/BabyLoading-devgcdutwgmnjvbujxkuusisadmd/Build/Intermediates.noindex/BabyLoading.build/Debug/BabyLoading-8ce7e8071caea86659d86f1587a66dcf-VFS/all-product-headers.yaml
    cd /Users/pablo.ruiz.local/Documents/XCode/BabyLoading/BabyLoading.xcodeproj
    write-file /Users/pablo.ruiz.local/Library/Developer/Xcode/DerivedData/BabyLoading-devgcdutwgmnjvbujxkuusisadmd/Build/Intermediates.noindex/BabyLoading.build/Debug/BabyLoading-8ce7e8071caea86659d86f1587a66dcf-VFS/all-product-headers.yaml

WriteAuxiliaryFile /Users/pablo.ruiz.local/Library/Developer/Xcode/DerivedData/BabyLoading-devgcdutwgmnjvbujxkuusisadmd/Build/Intermediates.noindex/BabyLoading.build/Debug-iphoneos/BabyLoading-8ce7e8071caea86659d86f1587a66dcf-VFS-iphoneos/all-product-headers.yaml
    cd /Users/pablo.ruiz.local/Documents/XCode/BabyLoading/BabyLoading.xcodeproj
    write-file /Users/pablo.ruiz.local/Library/Developer/Xcode/DerivedData/BabyLoading-devgcdutwgmnjvbujxkuusisadmd/Build/Intermediates.noindex/BabyLoading.build/Debug-iphoneos/BabyLoading-8ce7e8071caea86659d86f1587a66dcf-VFS-iphoneos/all-product-headers.yaml

WriteAuxiliaryFile /Users/pablo.ruiz.local/Library/Developer/Xcode/DerivedData/BabyLoading-devgcdutwgmnjvbujxkuusisadmd/Build/Intermediates.noindex/BabyLoading.build/Debug/BabyLoading.build/empty-BabyLoading.plist (in target 'BabyLoading' from project 'BabyLoading')
    cd /Users/pablo.ruiz.local/Documents/XCode/BabyLoading
    write-file /Users/pablo.ruiz.local/Library/Developer/Xcode/DerivedData/BabyLoading-devgcdutwgmnjvbujxkuusisadmd/Build/Intermediates.noindex/BabyLoading.build/Debug/BabyLoading.build/empty-BabyLoading.plist

WriteAuxiliaryFile /Users/pablo.ruiz.local/Library/Developer/Xcode/DerivedData/BabyLoading-devgcdutwgmnjvbujxkuusisadmd/Build/Intermediates.noindex/BabyLoading.build/Debug/BabyLoading.build/BabyLoading-project-headers.hmap (in target 'BabyLoading' from project 'BabyLoading')
    cd /Users/pablo.ruiz.local/Documents/XCode/BabyLoading
    write-file /Users/pablo.ruiz.local/Library/Developer/Xcode/DerivedData/BabyLoading-devgcdutwgmnjvbujxkuusisadmd/Build/Intermediates.noindex/BabyLoading.build/Debug/BabyLoading.build/BabyLoading-project-headers.hmap

WriteAuxiliaryFile /Users/pablo.ruiz.local/Library/Developer/Xcode/DerivedData/BabyLoading-devgcdutwgmnjvbujxkuusisadmd/Build/Intermediates.noindex/BabyLoading.build/Debug/BabyLoading.build/DerivedSources/Entitlements.plist (in target 'BabyLoading' from project 'BabyLoading')
    cd /Users/pablo.ruiz.local/Documents/XCode/BabyLoading
    write-file /Users/pablo.ruiz.local/Library/Developer/Xcode/DerivedData/BabyLoading-devgcdutwgmnjvbujxkuusisadmd/Build/Intermediates.noindex/BabyLoading.build/Debug/BabyLoading.build/DerivedSources/Entitlements.plist

WriteAuxiliaryFile /Users/pablo.ruiz.local/Library/Developer/Xcode/DerivedData/BabyLoading-devgcdutwgmnjvbujxkuusisadmd/Build/Intermediates.noindex/BabyLoading.build/Debug/BabyLoading.build/BabyLoading-generated-files.hmap (in target 'BabyLoading' from project 'BabyLoading')
    cd /Users/pablo.ruiz.local/Documents/XCode/BabyLoading
    write-file /Users/pablo.ruiz.local/Library/Developer/Xcode/DerivedData/BabyLoading-devgcdutwgmnjvbujxkuusisadmd/Build/Intermediates.noindex/BabyLoading.build/Debug/BabyLoading.build/BabyLoading-generated-files.hmap

WriteAuxiliaryFile /Users/pablo.ruiz.local/Library/Developer/Xcode/DerivedData/BabyLoading-devgcdutwgmnjvbujxkuusisadmd/Build/Intermediates.noindex/BabyLoading.build/Debug/BabyLoading.build/BabyLoading-own-target-headers.hmap (in target 'BabyLoading' from project 'BabyLoading')
    cd /Users/pablo.ruiz.local/Documents/XCode/BabyLoading
    write-file /Users/pablo.ruiz.local/Library/Developer/Xcode/DerivedData/BabyLoading-devgcdutwgmnjvbujxkuusisadmd/Build/Intermediates.noindex/BabyLoading.build/Debug/BabyLoading.build/BabyLoading-own-target-headers.hmap

WriteAuxiliaryFile /Users/pablo.ruiz.local/Library/Developer/Xcode/DerivedData/BabyLoading-devgcdutwgmnjvbujxkuusisadmd/Build/Intermediates.noindex/BabyLoading.build/Debug/BabyLoading.build/BabyLoading.hmap (in target 'BabyLoading' from project 'BabyLoading')
    cd /Users/pablo.ruiz.local/Documents/XCode/BabyLoading
    write-file /Users/pablo.ruiz.local/Library/Developer/Xcode/DerivedData/BabyLoading-devgcdutwgmnjvbujxkuusisadmd/Build/Intermediates.noindex/BabyLoading.build/Debug/BabyLoading.build/BabyLoading.hmap

WriteAuxiliaryFile /Users/pablo.ruiz.local/Library/Developer/Xcode/DerivedData/BabyLoading-devgcdutwgmnjvbujxkuusisadmd/Build/Intermediates.noindex/BabyLoading.build/Debug/BabyLoading.build/Objects-normal/arm64/BabyLoading-OutputFileMap.json (in target 'BabyLoading' from project 'BabyLoading')
    cd /Users/pablo.ruiz.local/Documents/XCode/BabyLoading
    write-file /Users/pablo.ruiz.local/Library/Developer/Xcode/DerivedData/BabyLoading-devgcdutwgmnjvbujxkuusisadmd/Build/Intermediates.noindex/BabyLoading.build/Debug/BabyLoading.build/Objects-normal/arm64/BabyLoading-OutputFileMap.json

WriteAuxiliaryFile /Users/pablo.ruiz.local/Library/Developer/Xcode/DerivedData/BabyLoading-devgcdutwgmnjvbujxkuusisadmd/Build/Intermediates.noindex/BabyLoading.build/Debug/BabyLoading.build/Objects-normal/arm64/BabyLoading_const_extract_protocols.json (in target 'BabyLoading' from project 'BabyLoading')
    cd /Users/pablo.ruiz.local/Documents/XCode/BabyLoading
    write-file /Users/pablo.ruiz.local/Library/Developer/Xcode/DerivedData/BabyLoading-devgcdutwgmnjvbujxkuusisadmd/Build/Intermediates.noindex/BabyLoading.build/Debug/BabyLoading.build/Objects-normal/arm64/BabyLoading_const_extract_protocols.json

WriteAuxiliaryFile /Users/pablo.ruiz.local/Library/Developer/Xcode/DerivedData/BabyLoading-devgcdutwgmnjvbujxkuusisadmd/Build/Intermediates.noindex/BabyLoading.build/Debug-iphoneos/BabyProgressWidgetExtension.build/Objects-normal/arm64/BabyProgressWidgetExtension.SwiftConstValuesFileList (in target 'BabyProgressWidgetExtension' from project 'BabyLoading')
    cd /Users/pablo.ruiz.local/Documents/XCode/BabyLoading
    write-file /Users/pablo.ruiz.local/Library/Developer/Xcode/DerivedData/BabyLoading-devgcdutwgmnjvbujxkuusisadmd/Build/Intermediates.noindex/BabyLoading.build/Debug-iphoneos/BabyProgressWidgetExtension.build/Objects-normal/arm64/BabyProgressWidgetExtension.SwiftConstValuesFileList

WriteAuxiliaryFile /Users/pablo.ruiz.local/Library/Developer/Xcode/DerivedData/BabyLoading-devgcdutwgmnjvbujxkuusisadmd/Build/Intermediates.noindex/BabyLoading.build/Debug-iphoneos/BabyProgressWidgetExtension.build/Objects-normal/arm64/BabyProgressWidgetExtension_const_extract_protocols.json (in target 'BabyProgressWidgetExtension' from project 'BabyLoading')
    cd /Users/pablo.ruiz.local/Documents/XCode/BabyLoading
    write-file /Users/pablo.ruiz.local/Library/Developer/Xcode/DerivedData/BabyLoading-devgcdutwgmnjvbujxkuusisadmd/Build/Intermediates.noindex/BabyLoading.build/Debug-iphoneos/BabyProgressWidgetExtension.build/Objects-normal/arm64/BabyProgressWidgetExtension_const_extract_protocols.json

WriteAuxiliaryFile /Users/pablo.ruiz.local/Library/Developer/Xcode/DerivedData/BabyLoading-devgcdutwgmnjvbujxkuusisadmd/Build/Intermediates.noindex/BabyLoading.build/Debug-iphoneos/BabyProgressWidgetExtension.build/Objects-normal/arm64/BabyProgressWidgetExtension.SwiftFileList (in target 'BabyProgressWidgetExtension' from project 'BabyLoading')
    cd /Users/pablo.ruiz.local/Documents/XCode/BabyLoading
    write-file /Users/pablo.ruiz.local/Library/Developer/Xcode/DerivedData/BabyLoading-devgcdutwgmnjvbujxkuusisadmd/Build/Intermediates.noindex/BabyLoading.build/Debug-iphoneos/BabyProgressWidgetExtension.build/Objects-normal/arm64/BabyProgressWidgetExtension.SwiftFileList

WriteAuxiliaryFile /Users/pablo.ruiz.local/Library/Developer/Xcode/DerivedData/BabyLoading-devgcdutwgmnjvbujxkuusisadmd/Build/Intermediates.noindex/BabyLoading.build/Debug-iphoneos/BabyProgressWidgetExtension.build/Objects-normal/arm64/BabyProgressWidgetExtension.LinkFileList (in target 'BabyProgressWidgetExtension' from project 'BabyLoading')
    cd /Users/pablo.ruiz.local/Documents/XCode/BabyLoading
    write-file /Users/pablo.ruiz.local/Library/Developer/Xcode/DerivedData/BabyLoading-devgcdutwgmnjvbujxkuusisadmd/Build/Intermediates.noindex/BabyLoading.build/Debug-iphoneos/BabyProgressWidgetExtension.build/Objects-normal/arm64/BabyProgressWidgetExtension.LinkFileList

WriteAuxiliaryFile /Users/pablo.ruiz.local/Library/Developer/Xcode/DerivedData/BabyLoading-devgcdutwgmnjvbujxkuusisadmd/Build/Intermediates.noindex/BabyLoading.build/Debug-iphoneos/BabyProgressWidgetExtension.build/Objects-normal/arm64/BabyProgressWidgetExtension-OutputFileMap.json (in target 'BabyProgressWidgetExtension' from project 'BabyLoading')
    cd /Users/pablo.ruiz.local/Documents/XCode/BabyLoading
    write-file /Users/pablo.ruiz.local/Library/Developer/Xcode/DerivedData/BabyLoading-devgcdutwgmnjvbujxkuusisadmd/Build/Intermediates.noindex/BabyLoading.build/Debug-iphoneos/BabyProgressWidgetExtension.build/Objects-normal/arm64/BabyProgressWidgetExtension-OutputFileMap.json

WriteAuxiliaryFile /Users/pablo.ruiz.local/Library/Developer/Xcode/DerivedData/BabyLoading-devgcdutwgmnjvbujxkuusisadmd/Build/Intermediates.noindex/BabyLoading.build/Debug-iphoneos/BabyProgressWidgetExtension.build/BabyProgressWidgetExtension.hmap (in target 'BabyProgressWidgetExtension' from project 'BabyLoading')
    cd /Users/pablo.ruiz.local/Documents/XCode/BabyLoading
    write-file /Users/pablo.ruiz.local/Library/Developer/Xcode/DerivedData/BabyLoading-devgcdutwgmnjvbujxkuusisadmd/Build/Intermediates.noindex/BabyLoading.build/Debug-iphoneos/BabyProgressWidgetExtension.build/BabyProgressWidgetExtension.hmap

WriteAuxiliaryFile /Users/pablo.ruiz.local/Library/Developer/Xcode/DerivedData/BabyLoading-devgcdutwgmnjvbujxkuusisadmd/Build/Intermediates.noindex/BabyLoading.build/Debug-iphoneos/BabyProgressWidgetExtension.build/BabyProgressWidgetExtension.DependencyStaticMetadataFileList (in target 'BabyProgressWidgetExtension' from project 'BabyLoading')
    cd /Users/pablo.ruiz.local/Documents/XCode/BabyLoading
    write-file /Users/pablo.ruiz.local/Library/Developer/Xcode/DerivedData/BabyLoading-devgcdutwgmnjvbujxkuusisadmd/Build/Intermediates.noindex/BabyLoading.build/Debug-iphoneos/BabyProgressWidgetExtension.build/BabyProgressWidgetExtension.DependencyStaticMetadataFileList

WriteAuxiliaryFile /Users/pablo.ruiz.local/Library/Developer/Xcode/DerivedData/BabyLoading-devgcdutwgmnjvbujxkuusisadmd/Build/Intermediates.noindex/BabyLoading.build/Debug-iphoneos/BabyProgressWidgetExtension.build/BabyProgressWidgetExtension.DependencyMetadataFileList (in target 'BabyProgressWidgetExtension' from project 'BabyLoading')
    cd /Users/pablo.ruiz.local/Documents/XCode/BabyLoading
    write-file /Users/pablo.ruiz.local/Library/Developer/Xcode/DerivedData/BabyLoading-devgcdutwgmnjvbujxkuusisadmd/Build/Intermediates.noindex/BabyLoading.build/Debug-iphoneos/BabyProgressWidgetExtension.build/BabyProgressWidgetExtension.DependencyMetadataFileList

WriteAuxiliaryFile /Users/pablo.ruiz.local/Library/Developer/Xcode/DerivedData/BabyLoading-devgcdutwgmnjvbujxkuusisadmd/Build/Intermediates.noindex/BabyLoading.build/Debug-iphoneos/BabyProgressWidgetExtension.build/DerivedSources/Entitlements.plist (in target 'BabyProgressWidgetExtension' from project 'BabyLoading')
    cd /Users/pablo.ruiz.local/Documents/XCode/BabyLoading
    write-file /Users/pablo.ruiz.local/Library/Developer/Xcode/DerivedData/BabyLoading-devgcdutwgmnjvbujxkuusisadmd/Build/Intermediates.noindex/BabyLoading.build/Debug-iphoneos/BabyProgressWidgetExtension.build/DerivedSources/Entitlements.plist

WriteAuxiliaryFile /Users/pablo.ruiz.local/Library/Developer/Xcode/DerivedData/BabyLoading-devgcdutwgmnjvbujxkuusisadmd/Build/Intermediates.noindex/BabyLoading.build/Debug-iphoneos/BabyProgressWidgetExtension.build/BabyProgressWidgetExtension-project-headers.hmap (in target 'BabyProgressWidgetExtension' from project 'BabyLoading')
    cd /Users/pablo.ruiz.local/Documents/XCode/BabyLoading
    write-file /Users/pablo.ruiz.local/Library/Developer/Xcode/DerivedData/BabyLoading-devgcdutwgmnjvbujxkuusisadmd/Build/Intermediates.noindex/BabyLoading.build/Debug-iphoneos/BabyProgressWidgetExtension.build/BabyProgressWidgetExtension-project-headers.hmap

WriteAuxiliaryFile /Users/pablo.ruiz.local/Library/Developer/Xcode/DerivedData/BabyLoading-devgcdutwgmnjvbujxkuusisadmd/Build/Intermediates.noindex/BabyLoading.build/Debug-iphoneos/BabyProgressWidgetExtension.build/BabyProgressWidgetExtension-own-target-headers.hmap (in target 'BabyProgressWidgetExtension' from project 'BabyLoading')
    cd /Users/pablo.ruiz.local/Documents/XCode/BabyLoading
    write-file /Users/pablo.ruiz.local/Library/Developer/Xcode/DerivedData/BabyLoading-devgcdutwgmnjvbujxkuusisadmd/Build/Intermediates.noindex/BabyLoading.build/Debug-iphoneos/BabyProgressWidgetExtension.build/BabyProgressWidgetExtension-own-target-headers.hmap

WriteAuxiliaryFile /Users/pablo.ruiz.local/Library/Developer/Xcode/DerivedData/BabyLoading-devgcdutwgmnjvbujxkuusisadmd/Build/Intermediates.noindex/BabyLoading.build/Debug-iphoneos/BabyProgressWidgetExtension.build/BabyProgressWidgetExtension-generated-files.hmap (in target 'BabyProgressWidgetExtension' from project 'BabyLoading')
    cd /Users/pablo.ruiz.local/Documents/XCode/BabyLoading
    write-file /Users/pablo.ruiz.local/Library/Developer/Xcode/DerivedData/BabyLoading-devgcdutwgmnjvbujxkuusisadmd/Build/Intermediates.noindex/BabyLoading.build/Debug-iphoneos/BabyProgressWidgetExtension.build/BabyProgressWidgetExtension-generated-files.hmap

WriteAuxiliaryFile /Users/pablo.ruiz.local/Library/Developer/Xcode/DerivedData/BabyLoading-devgcdutwgmnjvbujxkuusisadmd/Build/Intermediates.noindex/BabyLoading.build/Debug-iphoneos/BabyProgressWidgetExtension.build/BabyProgressWidgetExtension-all-target-headers.hmap (in target 'BabyProgressWidgetExtension' from project 'BabyLoading')
    cd /Users/pablo.ruiz.local/Documents/XCode/BabyLoading
    write-file /Users/pablo.ruiz.local/Library/Developer/Xcode/DerivedData/BabyLoading-devgcdutwgmnjvbujxkuusisadmd/Build/Intermediates.noindex/BabyLoading.build/Debug-iphoneos/BabyProgressWidgetExtension.build/BabyProgressWidgetExtension-all-target-headers.hmap

WriteAuxiliaryFile /Users/pablo.ruiz.local/Library/Developer/Xcode/DerivedData/BabyLoading-devgcdutwgmnjvbujxkuusisadmd/Build/Intermediates.noindex/BabyLoading.build/Debug-iphoneos/BabyProgressWidgetExtension.build/BabyProgressWidgetExtension-all-non-framework-target-headers.hmap (in target 'BabyProgressWidgetExtension' from project 'BabyLoading')
    cd /Users/pablo.ruiz.local/Documents/XCode/BabyLoading
    write-file /Users/pablo.ruiz.local/Library/Developer/Xcode/DerivedData/BabyLoading-devgcdutwgmnjvbujxkuusisadmd/Build/Intermediates.noindex/BabyLoading.build/Debug-iphoneos/BabyProgressWidgetExtension.build/BabyProgressWidgetExtension-all-non-framework-target-headers.hmap

WriteAuxiliaryFile /Users/pablo.ruiz.local/Library/Developer/Xcode/DerivedData/BabyLoading-devgcdutwgmnjvbujxkuusisadmd/Build/Intermediates.noindex/BabyLoading.build/Debug-iphoneos/BabyProgressWidgetExtension.build/BabyProgressWidgetExtension-DebugEntryPoint-normal-arm64.txt (in target 'BabyProgressWidgetExtension' from project 'BabyLoading')
    cd /Users/pablo.ruiz.local/Documents/XCode/BabyLoading
    write-file /Users/pablo.ruiz.local/Library/Developer/Xcode/DerivedData/BabyLoading-devgcdutwgmnjvbujxkuusisadmd/Build/Intermediates.noindex/BabyLoading.build/Debug-iphoneos/BabyProgressWidgetExtension.build/BabyProgressWidgetExtension-DebugEntryPoint-normal-arm64.txt

WriteAuxiliaryFile /Users/pablo.ruiz.local/Library/Developer/Xcode/DerivedData/BabyLoading-devgcdutwgmnjvbujxkuusisadmd/Build/Intermediates.noindex/BabyLoading.build/Debug-iphoneos/BabyProgressWidgetExtension.build/BabyProgressWidgetExtension-DebugDylibPath-normal-arm64.txt (in target 'BabyProgressWidgetExtension' from project 'BabyLoading')
    cd /Users/pablo.ruiz.local/Documents/XCode/BabyLoading
    write-file /Users/pablo.ruiz.local/Library/Developer/Xcode/DerivedData/BabyLoading-devgcdutwgmnjvbujxkuusisadmd/Build/Intermediates.noindex/BabyLoading.build/Debug-iphoneos/BabyProgressWidgetExtension.build/BabyProgressWidgetExtension-DebugDylibPath-normal-arm64.txt

WriteAuxiliaryFile /Users/pablo.ruiz.local/Library/Developer/Xcode/DerivedData/BabyLoading-devgcdutwgmnjvbujxkuusisadmd/Build/Intermediates.noindex/BabyLoading.build/Debug-iphoneos/BabyProgressWidgetExtension.build/BabyProgressWidgetExtension-DebugDylibInstallName-normal-arm64.txt (in target 'BabyProgressWidgetExtension' from project 'BabyLoading')
    cd /Users/pablo.ruiz.local/Documents/XCode/BabyLoading
    write-file /Users/pablo.ruiz.local/Library/Developer/Xcode/DerivedData/BabyLoading-devgcdutwgmnjvbujxkuusisadmd/Build/Intermediates.noindex/BabyLoading.build/Debug-iphoneos/BabyProgressWidgetExtension.build/BabyProgressWidgetExtension-DebugDylibInstallName-normal-arm64.txt

WriteAuxiliaryFile /Users/pablo.ruiz.local/Library/Developer/Xcode/DerivedData/BabyLoading-devgcdutwgmnjvbujxkuusisadmd/Build/Intermediates.noindex/BabyLoading.build/Debug/BabyLoading.build/Objects-normal/arm64/BabyLoading.SwiftFileList (in target 'BabyLoading' from project 'BabyLoading')
    cd /Users/pablo.ruiz.local/Documents/XCode/BabyLoading
    write-file /Users/pablo.ruiz.local/Library/Developer/Xcode/DerivedData/BabyLoading-devgcdutwgmnjvbujxkuusisadmd/Build/Intermediates.noindex/BabyLoading.build/Debug/BabyLoading.build/Objects-normal/arm64/BabyLoading.SwiftFileList

WriteAuxiliaryFile /Users/pablo.ruiz.local/Library/Developer/Xcode/DerivedData/BabyLoading-devgcdutwgmnjvbujxkuusisadmd/Build/Intermediates.noindex/BabyLoading.build/Debug/BabyLoading.build/Objects-normal/arm64/BabyLoading.SwiftConstValuesFileList (in target 'BabyLoading' from project 'BabyLoading')
    cd /Users/pablo.ruiz.local/Documents/XCode/BabyLoading
    write-file /Users/pablo.ruiz.local/Library/Developer/Xcode/DerivedData/BabyLoading-devgcdutwgmnjvbujxkuusisadmd/Build/Intermediates.noindex/BabyLoading.build/Debug/BabyLoading.build/Objects-normal/arm64/BabyLoading.SwiftConstValuesFileList

WriteAuxiliaryFile /Users/pablo.ruiz.local/Library/Developer/Xcode/DerivedData/BabyLoading-devgcdutwgmnjvbujxkuusisadmd/Build/Intermediates.noindex/BabyLoading.build/Debug/BabyLoading.build/Objects-normal/arm64/BabyLoading.LinkFileList (in target 'BabyLoading' from project 'BabyLoading')
    cd /Users/pablo.ruiz.local/Documents/XCode/BabyLoading
    write-file /Users/pablo.ruiz.local/Library/Developer/Xcode/DerivedData/BabyLoading-devgcdutwgmnjvbujxkuusisadmd/Build/Intermediates.noindex/BabyLoading.build/Debug/BabyLoading.build/Objects-normal/arm64/BabyLoading.LinkFileList

WriteAuxiliaryFile /Users/pablo.ruiz.local/Library/Developer/Xcode/DerivedData/BabyLoading-devgcdutwgmnjvbujxkuusisadmd/Build/Intermediates.noindex/BabyLoading.build/Debug/BabyLoading.build/BabyLoading.DependencyStaticMetadataFileList (in target 'BabyLoading' from project 'BabyLoading')
    cd /Users/pablo.ruiz.local/Documents/XCode/BabyLoading
    write-file /Users/pablo.ruiz.local/Library/Developer/Xcode/DerivedData/BabyLoading-devgcdutwgmnjvbujxkuusisadmd/Build/Intermediates.noindex/BabyLoading.build/Debug/BabyLoading.build/BabyLoading.DependencyStaticMetadataFileList

WriteAuxiliaryFile /Users/pablo.ruiz.local/Library/Developer/Xcode/DerivedData/BabyLoading-devgcdutwgmnjvbujxkuusisadmd/Build/Intermediates.noindex/BabyLoading.build/Debug/BabyLoading.build/BabyLoading.DependencyMetadataFileList (in target 'BabyLoading' from project 'BabyLoading')
    cd /Users/pablo.ruiz.local/Documents/XCode/BabyLoading
    write-file /Users/pablo.ruiz.local/Library/Developer/Xcode/DerivedData/BabyLoading-devgcdutwgmnjvbujxkuusisadmd/Build/Intermediates.noindex/BabyLoading.build/Debug/BabyLoading.build/BabyLoading.DependencyMetadataFileList

WriteAuxiliaryFile /Users/pablo.ruiz.local/Library/Developer/Xcode/DerivedData/BabyLoading-devgcdutwgmnjvbujxkuusisadmd/Build/Intermediates.noindex/BabyLoading.build/Debug/BabyLoading.build/BabyLoading-all-target-headers.hmap (in target 'BabyLoading' from project 'BabyLoading')
    cd /Users/pablo.ruiz.local/Documents/XCode/BabyLoading
    write-file /Users/pablo.ruiz.local/Library/Developer/Xcode/DerivedData/BabyLoading-devgcdutwgmnjvbujxkuusisadmd/Build/Intermediates.noindex/BabyLoading.build/Debug/BabyLoading.build/BabyLoading-all-target-headers.hmap

WriteAuxiliaryFile /Users/pablo.ruiz.local/Library/Developer/Xcode/DerivedData/BabyLoading-devgcdutwgmnjvbujxkuusisadmd/Build/Intermediates.noindex/BabyLoading.build/Debug/BabyLoading.build/BabyLoading-all-non-framework-target-headers.hmap (in target 'BabyLoading' from project 'BabyLoading')
    cd /Users/pablo.ruiz.local/Documents/XCode/BabyLoading
    write-file /Users/pablo.ruiz.local/Library/Developer/Xcode/DerivedData/BabyLoading-devgcdutwgmnjvbujxkuusisadmd/Build/Intermediates.noindex/BabyLoading.build/Debug/BabyLoading.build/BabyLoading-all-non-framework-target-headers.hmap

WriteAuxiliaryFile /Users/pablo.ruiz.local/Library/Developer/Xcode/DerivedData/BabyLoading-devgcdutwgmnjvbujxkuusisadmd/Build/Intermediates.noindex/BabyLoading.build/Debug/BabyLoading.build/BabyLoading-DebugDylibInstallName-normal-arm64.txt (in target 'BabyLoading' from project 'BabyLoading')
    cd /Users/pablo.ruiz.local/Documents/XCode/BabyLoading
    write-file /Users/pablo.ruiz.local/Library/Developer/Xcode/DerivedData/BabyLoading-devgcdutwgmnjvbujxkuusisadmd/Build/Intermediates.noindex/BabyLoading.build/Debug/BabyLoading.build/BabyLoading-DebugDylibInstallName-normal-arm64.txt

WriteAuxiliaryFile /Users/pablo.ruiz.local/Library/Developer/Xcode/DerivedData/BabyLoading-devgcdutwgmnjvbujxkuusisadmd/Build/Intermediates.noindex/BabyLoading.build/Debug/BabyLoading.build/BabyLoading-DebugDylibPath-normal-arm64.txt (in target 'BabyLoading' from project 'BabyLoading')
    cd /Users/pablo.ruiz.local/Documents/XCode/BabyLoading
    write-file /Users/pablo.ruiz.local/Library/Developer/Xcode/DerivedData/BabyLoading-devgcdutwgmnjvbujxkuusisadmd/Build/Intermediates.noindex/BabyLoading.build/Debug/BabyLoading.build/BabyLoading-DebugDylibPath-normal-arm64.txt

MkDir /Users/pablo.ruiz.local/Library/Developer/Xcode/DerivedData/BabyLoading-devgcdutwgmnjvbujxkuusisadmd/Build/Products/Debug-iphoneos/BabyProgressWidgetExtension.appex (in target 'BabyProgressWidgetExtension' from project 'BabyLoading')
    cd /Users/pablo.ruiz.local/Documents/XCode/BabyLoading
    /bin/mkdir -p /Users/pablo.ruiz.local/Library/Developer/Xcode/DerivedData/BabyLoading-devgcdutwgmnjvbujxkuusisadmd/Build/Products/Debug-iphoneos/BabyProgressWidgetExtension.appex

MkDir /Users/pablo.ruiz.local/Library/Developer/Xcode/DerivedData/BabyLoading-devgcdutwgmnjvbujxkuusisadmd/Build/Products/Debug/BabyLoading.app (in target 'BabyLoading' from project 'BabyLoading')
    cd /Users/pablo.ruiz.local/Documents/XCode/BabyLoading
    /bin/mkdir -p /Users/pablo.ruiz.local/Library/Developer/Xcode/DerivedData/BabyLoading-devgcdutwgmnjvbujxkuusisadmd/Build/Products/Debug/BabyLoading.app

ProcessProductPackaging /Users/pablo.ruiz.local/Library/Developer/Xcode/UserData/Provisioning\ Profiles/20cc5e5f-61e2-47e4-87b0-8ae7732a2466.mobileprovision /Users/pablo.ruiz.local/Library/Developer/Xcode/DerivedData/BabyLoading-devgcdutwgmnjvbujxkuusisadmd/Build/Products/Debug-iphoneos/BabyProgressWidgetExtension.appex/embedded.mobileprovision (in target 'BabyProgressWidgetExtension' from project 'BabyLoading')
    cd /Users/pablo.ruiz.local/Documents/XCode/BabyLoading
    builtin-productPackagingUtility /Users/pablo.ruiz.local/Library/Developer/Xcode/UserData/Provisioning\ Profiles/20cc5e5f-61e2-47e4-87b0-8ae7732a2466.mobileprovision -o /Users/pablo.ruiz.local/Library/Developer/Xcode/DerivedData/BabyLoading-devgcdutwgmnjvbujxkuusisadmd/Build/Products/Debug-iphoneos/BabyProgressWidgetExtension.appex/embedded.mobileprovision

ProcessProductPackaging /Users/pablo.ruiz.local/Documents/XCode/BabyLoading/BabyProgressWidgetExtension.entitlements /Users/pablo.ruiz.local/Library/Developer/Xcode/DerivedData/BabyLoading-devgcdutwgmnjvbujxkuusisadmd/Build/Intermediates.noindex/BabyLoading.build/Debug-iphoneos/BabyProgressWidgetExtension.build/BabyProgressWidgetExtension.appex.xcent (in target 'BabyProgressWidgetExtension' from project 'BabyLoading')
    cd /Users/pablo.ruiz.local/Documents/XCode/BabyLoading
    
    Entitlements:
    
    {
    "application-identifier" = "9UT6S74KT6.com.pablo.ruiz.BabyLoading.BabyProgressWidget";
    "com.apple.developer.team-identifier" = 9UT6S74KT6;
    "com.apple.security.application-groups" =     (
        "group.com.pablo.BabyLoading"
    );
    "get-task-allow" = 1;
}
    
    builtin-productPackagingUtility /Users/pablo.ruiz.local/Documents/XCode/BabyLoading/BabyProgressWidgetExtension.entitlements -entitlements -format xml -o /Users/pablo.ruiz.local/Library/Developer/Xcode/DerivedData/BabyLoading-devgcdutwgmnjvbujxkuusisadmd/Build/Intermediates.noindex/BabyLoading.build/Debug-iphoneos/BabyProgressWidgetExtension.build/BabyProgressWidgetExtension.appex.xcent

MkDir /Users/pablo.ruiz.local/Library/Developer/Xcode/DerivedData/BabyLoading-devgcdutwgmnjvbujxkuusisadmd/Build/Products/Debug/BabyLoading.app/Contents (in target 'BabyLoading' from project 'BabyLoading')
    cd /Users/pablo.ruiz.local/Documents/XCode/BabyLoading
    /bin/mkdir -p /Users/pablo.ruiz.local/Library/Developer/Xcode/DerivedData/BabyLoading-devgcdutwgmnjvbujxkuusisadmd/Build/Products/Debug/BabyLoading.app/Contents

MkDir /Users/pablo.ruiz.local/Library/Developer/Xcode/DerivedData/BabyLoading-devgcdutwgmnjvbujxkuusisadmd/Build/Products/Debug/BabyLoading.app/Contents/Resources (in target 'BabyLoading' from project 'BabyLoading')
    cd /Users/pablo.ruiz.local/Documents/XCode/BabyLoading
    /bin/mkdir -p /Users/pablo.ruiz.local/Library/Developer/Xcode/DerivedData/BabyLoading-devgcdutwgmnjvbujxkuusisadmd/Build/Products/Debug/BabyLoading.app/Contents/Resources

MkDir /Users/pablo.ruiz.local/Library/Developer/Xcode/DerivedData/BabyLoading-devgcdutwgmnjvbujxkuusisadmd/Build/Products/Debug/BabyLoading.app/Contents/PlugIns (in target 'BabyLoading' from project 'BabyLoading')
    cd /Users/pablo.ruiz.local/Documents/XCode/BabyLoading
    /bin/mkdir -p /Users/pablo.ruiz.local/Library/Developer/Xcode/DerivedData/BabyLoading-devgcdutwgmnjvbujxkuusisadmd/Build/Products/Debug/BabyLoading.app/Contents/PlugIns

MkDir /Users/pablo.ruiz.local/Library/Developer/Xcode/DerivedData/BabyLoading-devgcdutwgmnjvbujxkuusisadmd/Build/Products/Debug/BabyLoading.app/Contents/MacOS (in target 'BabyLoading' from project 'BabyLoading')
    cd /Users/pablo.ruiz.local/Documents/XCode/BabyLoading
    /bin/mkdir -p /Users/pablo.ruiz.local/Library/Developer/Xcode/DerivedData/BabyLoading-devgcdutwgmnjvbujxkuusisadmd/Build/Products/Debug/BabyLoading.app/Contents/MacOS

ProcessProductPackagingDER /Users/pablo.ruiz.local/Library/Developer/Xcode/DerivedData/BabyLoading-devgcdutwgmnjvbujxkuusisadmd/Build/Intermediates.noindex/BabyLoading.build/Debug-iphoneos/BabyProgressWidgetExtension.build/BabyProgressWidgetExtension.appex.xcent /Users/pablo.ruiz.local/Library/Developer/Xcode/DerivedData/BabyLoading-devgcdutwgmnjvbujxkuusisadmd/Build/Intermediates.noindex/BabyLoading.build/Debug-iphoneos/BabyProgressWidgetExtension.build/BabyProgressWidgetExtension.appex.xcent.der (in target 'BabyProgressWidgetExtension' from project 'BabyLoading')
    cd /Users/pablo.ruiz.local/Documents/XCode/BabyLoading
    /usr/bin/derq query -f xml -i /Users/pablo.ruiz.local/Library/Developer/Xcode/DerivedData/BabyLoading-devgcdutwgmnjvbujxkuusisadmd/Build/Intermediates.noindex/BabyLoading.build/Debug-iphoneos/BabyProgressWidgetExtension.build/BabyProgressWidgetExtension.appex.xcent -o /Users/pablo.ruiz.local/Library/Developer/Xcode/DerivedData/BabyLoading-devgcdutwgmnjvbujxkuusisadmd/Build/Intermediates.noindex/BabyLoading.build/Debug-iphoneos/BabyProgressWidgetExtension.build/BabyProgressWidgetExtension.appex.xcent.der --raw

Ld /Users/pablo.ruiz.local/Library/Developer/Xcode/DerivedData/BabyLoading-devgcdutwgmnjvbujxkuusisadmd/Build/Products/Debug-iphoneos/BabyProgressWidgetExtension.appex/__preview.dylib normal (in target 'BabyProgressWidgetExtension' from project 'BabyLoading')
    cd /Users/pablo.ruiz.local/Documents/XCode/BabyLoading
    /Applications/Xcode.app/Contents/Developer/Toolchains/XcodeDefault.xctoolchain/usr/bin/clang -Xlinker -reproducible -target arm64-apple-ios26.2 -dynamiclib -isysroot /Applications/Xcode.app/Contents/Developer/Platforms/iPhoneOS.platform/Developer/SDKs/iPhoneOS26.2.sdk -O0 -L/Users/pablo.ruiz.local/Library/Developer/Xcode/DerivedData/BabyLoading-devgcdutwgmnjvbujxkuusisadmd/Build/Products/Debug-iphoneos -F/Users/pablo.ruiz.local/Library/Developer/Xcode/DerivedData/BabyLoading-devgcdutwgmnjvbujxkuusisadmd/Build/Products/Debug-iphoneos -install_name @rpath/BabyProgressWidgetExtension.debug.dylib -dead_strip -rdynamic -Xlinker -no_deduplicate -Xlinker -dependency_info -Xlinker /Users/pablo.ruiz.local/Library/Developer/Xcode/DerivedData/BabyLoading-devgcdutwgmnjvbujxkuusisadmd/Build/Intermediates.noindex/BabyLoading.build/Debug-iphoneos/BabyProgressWidgetExtension.build/Objects-normal/arm64/BabyProgressWidgetExtension_dependency_info.dat -Xlinker -no_adhoc_codesign -o /Users/pablo.ruiz.local/Library/Developer/Xcode/DerivedData/BabyLoading-devgcdutwgmnjvbujxkuusisadmd/Build/Products/Debug-iphoneos/BabyProgressWidgetExtension.appex/__preview.dylib

GenerateAssetSymbols /Users/pablo.ruiz.local/Documents/XCode/BabyLoading/BabyProgressWidget/Assets.xcassets (in target 'BabyProgressWidgetExtension' from project 'BabyLoading')
    cd /Users/pablo.ruiz.local/Documents/XCode/BabyLoading
    /Applications/Xcode.app/Contents/Developer/usr/bin/actool /Users/pablo.ruiz.local/Documents/XCode/BabyLoading/BabyProgressWidget/Assets.xcassets --compile /Users/pablo.ruiz.local/Library/Developer/Xcode/DerivedData/BabyLoading-devgcdutwgmnjvbujxkuusisadmd/Build/Products/Debug-iphoneos/BabyProgressWidgetExtension.appex --output-format human-readable-text --notices --warnings --export-dependency-info /Users/pablo.ruiz.local/Library/Developer/Xcode/DerivedData/BabyLoading-devgcdutwgmnjvbujxkuusisadmd/Build/Intermediates.noindex/BabyLoading.build/Debug-iphoneos/BabyProgressWidgetExtension.build/assetcatalog_dependencies --output-partial-info-plist /Users/pablo.ruiz.local/Library/Developer/Xcode/DerivedData/BabyLoading-devgcdutwgmnjvbujxkuusisadmd/Build/Intermediates.noindex/BabyLoading.build/Debug-iphoneos/BabyProgressWidgetExtension.build/assetcatalog_generated_info.plist --accent-color AccentColor --widget-background-color WidgetBackground --compress-pngs --enable-on-demand-resources NO --standalone-icon-behavior all --development-region en --target-device iphone --target-device ipad --minimum-deployment-target 26.2 --platform iphoneos --bundle-identifier com.pablo.ruiz.BabyLoading.BabyProgressWidget --generate-swift-asset-symbols /Users/pablo.ruiz.local/Library/Developer/Xcode/DerivedData/BabyLoading-devgcdutwgmnjvbujxkuusisadmd/Build/Intermediates.noindex/BabyLoading.build/Debug-iphoneos/BabyProgressWidgetExtension.build/DerivedSources/GeneratedAssetSymbols.swift --generate-objc-asset-symbols /Users/pablo.ruiz.local/Library/Developer/Xcode/DerivedData/BabyLoading-devgcdutwgmnjvbujxkuusisadmd/Build/Intermediates.noindex/BabyLoading.build/Debug-iphoneos/BabyProgressWidgetExtension.build/DerivedSources/GeneratedAssetSymbols.h --generate-asset-symbol-index /Users/pablo.ruiz.local/Library/Developer/Xcode/DerivedData/BabyLoading-devgcdutwgmnjvbujxkuusisadmd/Build/Intermediates.noindex/BabyLoading.build/Debug-iphoneos/BabyProgressWidgetExtension.build/DerivedSources/GeneratedAssetSymbols-Index.plist
/* com.apple.actool.compilation-results */
/Users/pablo.ruiz.local/Library/Developer/Xcode/DerivedData/BabyLoading-devgcdutwgmnjvbujxkuusisadmd/Build/Intermediates.noindex/BabyLoading.build/Debug-iphoneos/BabyProgressWidgetExtension.build/DerivedSources/GeneratedAssetSymbols-Index.plist
/Users/pablo.ruiz.local/Library/Developer/Xcode/DerivedData/BabyLoading-devgcdutwgmnjvbujxkuusisadmd/Build/Intermediates.noindex/BabyLoading.build/Debug-iphoneos/BabyProgressWidgetExtension.build/DerivedSources/GeneratedAssetSymbols.h
/Users/pablo.ruiz.local/Library/Developer/Xcode/DerivedData/BabyLoading-devgcdutwgmnjvbujxkuusisadmd/Build/Intermediates.noindex/BabyLoading.build/Debug-iphoneos/BabyProgressWidgetExtension.build/DerivedSources/GeneratedAssetSymbols.swift


MkDir /Users/pablo.ruiz.local/Library/Developer/Xcode/DerivedData/BabyLoading-devgcdutwgmnjvbujxkuusisadmd/Build/Intermediates.noindex/BabyLoading.build/Debug-iphoneos/BabyProgressWidgetExtension.build/assetcatalog_output/thinned (in target 'BabyProgressWidgetExtension' from project 'BabyLoading')
    cd /Users/pablo.ruiz.local/Documents/XCode/BabyLoading
    /bin/mkdir -p /Users/pablo.ruiz.local/Library/Developer/Xcode/DerivedData/BabyLoading-devgcdutwgmnjvbujxkuusisadmd/Build/Intermediates.noindex/BabyLoading.build/Debug-iphoneos/BabyProgressWidgetExtension.build/assetcatalog_output/thinned

MkDir /Users/pablo.ruiz.local/Library/Developer/Xcode/DerivedData/BabyLoading-devgcdutwgmnjvbujxkuusisadmd/Build/Intermediates.noindex/BabyLoading.build/Debug-iphoneos/BabyProgressWidgetExtension.build/assetcatalog_output/unthinned (in target 'BabyProgressWidgetExtension' from project 'BabyLoading')
    cd /Users/pablo.ruiz.local/Documents/XCode/BabyLoading
    /bin/mkdir -p /Users/pablo.ruiz.local/Library/Developer/Xcode/DerivedData/BabyLoading-devgcdutwgmnjvbujxkuusisadmd/Build/Intermediates.noindex/BabyLoading.build/Debug-iphoneos/BabyProgressWidgetExtension.build/assetcatalog_output/unthinned

CompileAssetCatalogVariant thinned /Users/pablo.ruiz.local/Library/Developer/Xcode/DerivedData/BabyLoading-devgcdutwgmnjvbujxkuusisadmd/Build/Products/Debug-iphoneos/BabyProgressWidgetExtension.appex /Users/pablo.ruiz.local/Documents/XCode/BabyLoading/BabyProgressWidget/Assets.xcassets (in target 'BabyProgressWidgetExtension' from project 'BabyLoading')
    cd /Users/pablo.ruiz.local/Documents/XCode/BabyLoading
    /Applications/Xcode.app/Contents/Developer/usr/bin/actool /Users/pablo.ruiz.local/Documents/XCode/BabyLoading/BabyProgressWidget/Assets.xcassets --compile /Users/pablo.ruiz.local/Library/Developer/Xcode/DerivedData/BabyLoading-devgcdutwgmnjvbujxkuusisadmd/Build/Intermediates.noindex/BabyLoading.build/Debug-iphoneos/BabyProgressWidgetExtension.build/assetcatalog_output/thinned --output-format human-readable-text --notices --warnings --export-dependency-info /Users/pablo.ruiz.local/Library/Developer/Xcode/DerivedData/BabyLoading-devgcdutwgmnjvbujxkuusisadmd/Build/Intermediates.noindex/BabyLoading.build/Debug-iphoneos/BabyProgressWidgetExtension.build/assetcatalog_dependencies_thinned --output-partial-info-plist /Users/pablo.ruiz.local/Library/Developer/Xcode/DerivedData/BabyLoading-devgcdutwgmnjvbujxkuusisadmd/Build/Intermediates.noindex/BabyLoading.build/Debug-iphoneos/BabyProgressWidgetExtension.build/assetcatalog_generated_info.plist_thinned --accent-color AccentColor --widget-background-color WidgetBackground --compress-pngs --enable-on-demand-resources NO --standalone-icon-behavior all --development-region en --target-device iphone --target-device ipad --minimum-deployment-target 26.2 --platform iphoneos

SwiftDriver BabyProgressWidgetExtension normal arm64 com.apple.xcode.tools.swift.compiler (in target 'BabyProgressWidgetExtension' from project 'BabyLoading')
    cd /Users/pablo.ruiz.local/Documents/XCode/BabyLoading
    builtin-SwiftDriver -- /Applications/Xcode.app/Contents/Developer/Toolchains/XcodeDefault.xctoolchain/usr/bin/swiftc -module-name BabyProgressWidgetExtension -Onone -enforce-exclusivity\=checked @/Users/pablo.ruiz.local/Library/Developer/Xcode/DerivedData/BabyLoading-devgcdutwgmnjvbujxkuusisadmd/Build/Intermediates.noindex/BabyLoading.build/Debug-iphoneos/BabyProgressWidgetExtension.build/Objects-normal/arm64/BabyProgressWidgetExtension.SwiftFileList -DDEBUG -enable-bare-slash-regex -enable-upcoming-feature DisableOutwardActorInference -enable-upcoming-feature InferSendableFromCaptures -enable-upcoming-feature GlobalActorIsolatedTypesUsability -enable-upcoming-feature MemberImportVisibility -enable-upcoming-feature InferIsolatedConformances -enable-upcoming-feature NonisolatedNonsendingByDefault -enable-experimental-feature DebugDescriptionMacro -sdk /Applications/Xcode.app/Contents/Developer/Platforms/iPhoneOS.platform/Developer/SDKs/iPhoneOS26.2.sdk -target arm64-apple-ios26.2 -g -module-cache-path /Users/pablo.ruiz.local/Library/Developer/Xcode/DerivedData/ModuleCache.noindex -Xfrontend -serialize-debugging-options -application-extension -enable-testing -index-store-path /Users/pablo.ruiz.local/Library/Developer/Xcode/DerivedData/BabyLoading-devgcdutwgmnjvbujxkuusisadmd/Index.noindex/DataStore -Xcc -D_LIBCPP_HARDENING_MODE\=_LIBCPP_HARDENING_MODE_DEBUG -swift-version 5 -I /Users/pablo.ruiz.local/Library/Developer/Xcode/DerivedData/BabyLoading-devgcdutwgmnjvbujxkuusisadmd/Build/Products/Debug-iphoneos -F /Users/pablo.ruiz.local/Library/Developer/Xcode/DerivedData/BabyLoading-devgcdutwgmnjvbujxkuusisadmd/Build/Products/Debug-iphoneos -emit-localized-strings -emit-localized-strings-path /Users/pablo.ruiz.local/Library/Developer/Xcode/DerivedData/BabyLoading-devgcdutwgmnjvbujxkuusisadmd/Build/Intermediates.noindex/BabyLoading.build/Debug-iphoneos/BabyProgressWidgetExtension.build/Objects-normal/arm64 -c -j10 -enable-batch-mode -incremental -Xcc -ivfsstatcache -Xcc /Users/pablo.ruiz.local/Library/Developer/Xcode/DerivedData/SDKStatCaches.noindex/iphoneos26.2-23C53-3794476bd08197c3e2abd9bb477ef7f7.sdkstatcache -output-file-map /Users/pablo.ruiz.local/Library/Developer/Xcode/DerivedData/BabyLoading-devgcdutwgmnjvbujxkuusisadmd/Build/Intermediates.noindex/BabyLoading.build/Debug-iphoneos/BabyProgressWidgetExtension.build/Objects-normal/arm64/BabyProgressWidgetExtension-OutputFileMap.json -use-frontend-parseable-output -save-temps -no-color-diagnostics -explicit-module-build -module-cache-path /Users/pablo.ruiz.local/Library/Developer/Xcode/DerivedData/BabyLoading-devgcdutwgmnjvbujxkuusisadmd/Build/Intermediates.noindex/SwiftExplicitPrecompiledModules -clang-scanner-module-cache-path /Users/pablo.ruiz.local/Library/Developer/Xcode/DerivedData/ModuleCache.noindex -sdk-module-cache-path /Users/pablo.ruiz.local/Library/Developer/Xcode/DerivedData/ModuleCache.noindex -serialize-diagnostics -emit-dependencies -emit-module -emit-module-path /Users/pablo.ruiz.local/Library/Developer/Xcode/DerivedData/BabyLoading-devgcdutwgmnjvbujxkuusisadmd/Build/Intermediates.noindex/BabyLoading.build/Debug-iphoneos/BabyProgressWidgetExtension.build/Objects-normal/arm64/BabyProgressWidgetExtension.swiftmodule -validate-clang-modules-once -clang-build-session-file /Users/pablo.ruiz.local/Library/Developer/Xcode/DerivedData/ModuleCache.noindex/Session.modulevalidation -Xcc -I/Users/pablo.ruiz.local/Library/Developer/Xcode/DerivedData/BabyLoading-devgcdutwgmnjvbujxkuusisadmd/Build/Intermediates.noindex/BabyLoading.build/Debug-iphoneos/BabyProgressWidgetExtension.build/swift-overrides.hmap -emit-const-values -Xfrontend -const-gather-protocols-file -Xfrontend /Users/pablo.ruiz.local/Library/Developer/Xcode/DerivedData/BabyLoading-devgcdutwgmnjvbujxkuusisadmd/Build/Intermediates.noindex/BabyLoading.build/Debug-iphoneos/BabyProgressWidgetExtension.build/Objects-normal/arm64/BabyProgressWidgetExtension_const_extract_protocols.json -Xcc -iquote -Xcc /Users/pablo.ruiz.local/Library/Developer/Xcode/DerivedData/BabyLoading-devgcdutwgmnjvbujxkuusisadmd/Build/Intermediates.noindex/BabyLoading.build/Debug-iphoneos/BabyProgressWidgetExtension.build/BabyProgressWidgetExtension-generated-files.hmap -Xcc -I/Users/pablo.ruiz.local/Library/Developer/Xcode/DerivedData/BabyLoading-devgcdutwgmnjvbujxkuusisadmd/Build/Intermediates.noindex/BabyLoading.build/Debug-iphoneos/BabyProgressWidgetExtension.build/BabyProgressWidgetExtension-own-target-headers.hmap -Xcc -I/Users/pablo.ruiz.local/Library/Developer/Xcode/DerivedData/BabyLoading-devgcdutwgmnjvbujxkuusisadmd/Build/Intermediates.noindex/BabyLoading.build/Debug-iphoneos/BabyProgressWidgetExtension.build/BabyProgressWidgetExtension-all-target-headers.hmap -Xcc -iquote -Xcc /Users/pablo.ruiz.local/Library/Developer/Xcode/DerivedData/BabyLoading-devgcdutwgmnjvbujxkuusisadmd/Build/Intermediates.noindex/BabyLoading.build/Debug-iphoneos/BabyProgressWidgetExtension.build/BabyProgressWidgetExtension-project-headers.hmap -Xcc -I/Users/pablo.ruiz.local/Library/Developer/Xcode/DerivedData/BabyLoading-devgcdutwgmnjvbujxkuusisadmd/Build/Products/Debug-iphoneos/include -Xcc -I/Users/pablo.ruiz.local/Library/Developer/Xcode/DerivedData/BabyLoading-devgcdutwgmnjvbujxkuusisadmd/Build/Intermediates.noindex/BabyLoading.build/Debug-iphoneos/BabyProgressWidgetExtension.build/DerivedSources-normal/arm64 -Xcc -I/Users/pablo.ruiz.local/Library/Developer/Xcode/DerivedData/BabyLoading-devgcdutwgmnjvbujxkuusisadmd/Build/Intermediates.noindex/BabyLoading.build/Debug-iphoneos/BabyProgressWidgetExtension.build/DerivedSources/arm64 -Xcc -I/Users/pablo.ruiz.local/Library/Developer/Xcode/DerivedData/BabyLoading-devgcdutwgmnjvbujxkuusisadmd/Build/Intermediates.noindex/BabyLoading.build/Debug-iphoneos/BabyProgressWidgetExtension.build/DerivedSources -Xcc -DDEBUG\=1 -emit-objc-header -emit-objc-header-path /Users/pablo.ruiz.local/Library/Developer/Xcode/DerivedData/BabyLoading-devgcdutwgmnjvbujxkuusisadmd/Build/Intermediates.noindex/BabyLoading.build/Debug-iphoneos/BabyProgressWidgetExtension.build/Objects-normal/arm64/BabyProgressWidgetExtension-Swift.h -working-directory /Users/pablo.ruiz.local/Documents/XCode/BabyLoading -experimental-emit-module-separately -disable-cmo

SwiftCompile normal arm64 Compiling\ BabySize.swift,\ PregnancyCalculator.swift /Users/pablo.ruiz.local/Documents/XCode/BabyLoading/BabyLoading/Domain/BabySize.swift /Users/pablo.ruiz.local/Documents/XCode/BabyLoading/BabyLoading/Domain/PregnancyCalculator.swift (in target 'BabyProgressWidgetExtension' from project 'BabyLoading')

SwiftCompile normal arm64 /Users/pablo.ruiz.local/Documents/XCode/BabyLoading/BabyLoading/Domain/BabySize.swift (in target 'BabyProgressWidgetExtension' from project 'BabyLoading')
    cd /Users/pablo.ruiz.local/Documents/XCode/BabyLoading
    

SwiftCompile normal arm64 /Users/pablo.ruiz.local/Documents/XCode/BabyLoading/BabyLoading/Domain/PregnancyCalculator.swift (in target 'BabyProgressWidgetExtension' from project 'BabyLoading')
    cd /Users/pablo.ruiz.local/Documents/XCode/BabyLoading
    

SwiftCompile normal arm64 Compiling\ DependencyContainer.swift,\ WidgetReloader.swift /Users/pablo.ruiz.local/Documents/XCode/BabyLoading/BabyLoading/App/DependencyContainer.swift /Users/pablo.ruiz.local/Documents/XCode/BabyLoading/BabyLoading/App/WidgetReloader.swift (in target 'BabyProgressWidgetExtension' from project 'BabyLoading')

SwiftCompile normal arm64 /Users/pablo.ruiz.local/Documents/XCode/BabyLoading/BabyLoading/App/DependencyContainer.swift (in target 'BabyProgressWidgetExtension' from project 'BabyLoading')
    cd /Users/pablo.ruiz.local/Documents/XCode/BabyLoading
    

SwiftCompile normal arm64 /Users/pablo.ruiz.local/Documents/XCode/BabyLoading/BabyLoading/App/WidgetReloader.swift (in target 'BabyProgressWidgetExtension' from project 'BabyLoading')
    cd /Users/pablo.ruiz.local/Documents/XCode/BabyLoading
    

SwiftCompile normal arm64 Compiling\ AppCoordinator.swift /Users/pablo.ruiz.local/Documents/XCode/BabyLoading/BabyLoading/Presentation/Navigation/AppCoordinator.swift (in target 'BabyProgressWidgetExtension' from project 'BabyLoading')

SwiftCompile normal arm64 /Users/pablo.ruiz.local/Documents/XCode/BabyLoading/BabyLoading/Presentation/Navigation/AppCoordinator.swift (in target 'BabyProgressWidgetExtension' from project 'BabyLoading')
    cd /Users/pablo.ruiz.local/Documents/XCode/BabyLoading
    

SwiftCompile normal arm64 Compiling\ ContentView.swift /Users/pablo.ruiz.local/Documents/XCode/BabyLoading/BabyLoading/Presentation/ContentView.swift (in target 'BabyProgressWidgetExtension' from project 'BabyLoading')

SwiftCompile normal arm64 /Users/pablo.ruiz.local/Documents/XCode/BabyLoading/BabyLoading/Presentation/ContentView.swift (in target 'BabyProgressWidgetExtension' from project 'BabyLoading')
    cd /Users/pablo.ruiz.local/Documents/XCode/BabyLoading
    

SwiftCompile normal arm64 Compiling\ GeneratedAssetSymbols.swift /Users/pablo.ruiz.local/Library/Developer/Xcode/DerivedData/BabyLoading-devgcdutwgmnjvbujxkuusisadmd/Build/Intermediates.noindex/BabyLoading.build/Debug-iphoneos/BabyProgressWidgetExtension.build/DerivedSources/GeneratedAssetSymbols.swift (in target 'BabyProgressWidgetExtension' from project 'BabyLoading')

SwiftCompile normal arm64 /Users/pablo.ruiz.local/Library/Developer/Xcode/DerivedData/BabyLoading-devgcdutwgmnjvbujxkuusisadmd/Build/Intermediates.noindex/BabyLoading.build/Debug-iphoneos/BabyProgressWidgetExtension.build/DerivedSources/GeneratedAssetSymbols.swift (in target 'BabyProgressWidgetExtension' from project 'BabyLoading')
    cd /Users/pablo.ruiz.local/Documents/XCode/BabyLoading
    

SwiftCompile normal arm64 Compiling\ BabyProgressWidgetBundle.swift,\ BabyProgressWidgetEntryView.swift /Users/pablo.ruiz.local/Documents/XCode/BabyLoading/BabyProgressWidget/BabyProgressWidgetBundle.swift /Users/pablo.ruiz.local/Documents/XCode/BabyLoading/BabyProgressWidget/BabyProgressWidgetEntryView.swift (in target 'BabyProgressWidgetExtension' from project 'BabyLoading')

SwiftCompile normal arm64 /Users/pablo.ruiz.local/Documents/XCode/BabyLoading/BabyProgressWidget/BabyProgressWidgetBundle.swift (in target 'BabyProgressWidgetExtension' from project 'BabyLoading')
    cd /Users/pablo.ruiz.local/Documents/XCode/BabyLoading
    

SwiftCompile normal arm64 /Users/pablo.ruiz.local/Documents/XCode/BabyLoading/BabyProgressWidget/BabyProgressWidgetEntryView.swift (in target 'BabyProgressWidgetExtension' from project 'BabyLoading')
    cd /Users/pablo.ruiz.local/Documents/XCode/BabyLoading
    

SwiftEmitModule normal arm64 Emitting\ module\ for\ BabyProgressWidgetExtension (in target 'BabyProgressWidgetExtension' from project 'BabyLoading')

EmitSwiftModule normal arm64 (in target 'BabyProgressWidgetExtension' from project 'BabyLoading')
    cd /Users/pablo.ruiz.local/Documents/XCode/BabyLoading
    

SwiftCompile normal arm64 Compiling\ BabyProgressTimelineProvider.swift,\ BabyProgressWidget.swift /Users/pablo.ruiz.local/Documents/XCode/BabyLoading/BabyProgressWidget/BabyProgressTimelineProvider.swift /Users/pablo.ruiz.local/Documents/XCode/BabyLoading/BabyProgressWidget/BabyProgressWidget.swift (in target 'BabyProgressWidgetExtension' from project 'BabyLoading')

SwiftCompile normal arm64 /Users/pablo.ruiz.local/Documents/XCode/BabyLoading/BabyProgressWidget/BabyProgressTimelineProvider.swift (in target 'BabyProgressWidgetExtension' from project 'BabyLoading')
    cd /Users/pablo.ruiz.local/Documents/XCode/BabyLoading
    

SwiftCompile normal arm64 /Users/pablo.ruiz.local/Documents/XCode/BabyLoading/BabyProgressWidget/BabyProgressWidget.swift (in target 'BabyProgressWidgetExtension' from project 'BabyLoading')
    cd /Users/pablo.ruiz.local/Documents/XCode/BabyLoading
    

SwiftCompile normal arm64 Compiling\ BabyProgressViewModel.swift /Users/pablo.ruiz.local/Documents/XCode/BabyLoading/BabyLoading/Presentation/BabyProgressViewModel.swift (in target 'BabyProgressWidgetExtension' from project 'BabyLoading')

SwiftCompile normal arm64 /Users/pablo.ruiz.local/Documents/XCode/BabyLoading/BabyLoading/Presentation/BabyProgressViewModel.swift (in target 'BabyProgressWidgetExtension' from project 'BabyLoading')
    cd /Users/pablo.ruiz.local/Documents/XCode/BabyLoading
    

SwiftCompile normal arm64 Compiling\ BabyProgressDataSource.swift,\ BabyProgressRepository.swift /Users/pablo.ruiz.local/Documents/XCode/BabyLoading/BabyLoading/Data/BabyProgressDataSource.swift /Users/pablo.ruiz.local/Documents/XCode/BabyLoading/BabyLoading/Data/BabyProgressRepository.swift (in target 'BabyProgressWidgetExtension' from project 'BabyLoading')

SwiftCompile normal arm64 /Users/pablo.ruiz.local/Documents/XCode/BabyLoading/BabyLoading/Data/BabyProgressDataSource.swift (in target 'BabyProgressWidgetExtension' from project 'BabyLoading')
    cd /Users/pablo.ruiz.local/Documents/XCode/BabyLoading
    

SwiftCompile normal arm64 /Users/pablo.ruiz.local/Documents/XCode/BabyLoading/BabyLoading/Data/BabyProgressRepository.swift (in target 'BabyProgressWidgetExtension' from project 'BabyLoading')
    cd /Users/pablo.ruiz.local/Documents/XCode/BabyLoading
    

SwiftDriverJobDiscovery normal arm64 Compiling GeneratedAssetSymbols.swift (in target 'BabyProgressWidgetExtension' from project 'BabyLoading')

SwiftCompile normal arm64 Compiling\ SimpleEntry.swift /Users/pablo.ruiz.local/Documents/XCode/BabyLoading/BabyProgressWidget/SimpleEntry.swift (in target 'BabyProgressWidgetExtension' from project 'BabyLoading')

SwiftCompile normal arm64 /Users/pablo.ruiz.local/Documents/XCode/BabyLoading/BabyProgressWidget/SimpleEntry.swift (in target 'BabyProgressWidgetExtension' from project 'BabyLoading')
    cd /Users/pablo.ruiz.local/Documents/XCode/BabyLoading
    

SwiftDriverJobDiscovery normal arm64 Compiling DependencyContainer.swift, WidgetReloader.swift (in target 'BabyProgressWidgetExtension' from project 'BabyLoading')

SwiftDriverJobDiscovery normal arm64 Compiling BabySize.swift, PregnancyCalculator.swift (in target 'BabyProgressWidgetExtension' from project 'BabyLoading')

SwiftDriverJobDiscovery normal arm64 Compiling BabyProgressTimelineProvider.swift, BabyProgressWidget.swift (in target 'BabyProgressWidgetExtension' from project 'BabyLoading')

SwiftDriverJobDiscovery normal arm64 Compiling AppCoordinator.swift (in target 'BabyProgressWidgetExtension' from project 'BabyLoading')

SwiftDriverJobDiscovery normal arm64 Compiling BabyProgressViewModel.swift (in target 'BabyProgressWidgetExtension' from project 'BabyLoading')

SwiftDriverJobDiscovery normal arm64 Emitting module for BabyProgressWidgetExtension (in target 'BabyProgressWidgetExtension' from project 'BabyLoading')

SwiftDriver\ Compilation\ Requirements BabyProgressWidgetExtension normal arm64 com.apple.xcode.tools.swift.compiler (in target 'BabyProgressWidgetExtension' from project 'BabyLoading')
    cd /Users/pablo.ruiz.local/Documents/XCode/BabyLoading
    builtin-Swift-Compilation-Requirements -- /Applications/Xcode.app/Contents/Developer/Toolchains/XcodeDefault.xctoolchain/usr/bin/swiftc -module-name BabyProgressWidgetExtension -Onone -enforce-exclusivity\=checked @/Users/pablo.ruiz.local/Library/Developer/Xcode/DerivedData/BabyLoading-devgcdutwgmnjvbujxkuusisadmd/Build/Intermediates.noindex/BabyLoading.build/Debug-iphoneos/BabyProgressWidgetExtension.build/Objects-normal/arm64/BabyProgressWidgetExtension.SwiftFileList -DDEBUG -enable-bare-slash-regex -enable-upcoming-feature DisableOutwardActorInference -enable-upcoming-feature InferSendableFromCaptures -enable-upcoming-feature GlobalActorIsolatedTypesUsability -enable-upcoming-feature MemberImportVisibility -enable-upcoming-feature InferIsolatedConformances -enable-upcoming-feature NonisolatedNonsendingByDefault -enable-experimental-feature DebugDescriptionMacro -sdk /Applications/Xcode.app/Contents/Developer/Platforms/iPhoneOS.platform/Developer/SDKs/iPhoneOS26.2.sdk -target arm64-apple-ios26.2 -g -module-cache-path /Users/pablo.ruiz.local/Library/Developer/Xcode/DerivedData/ModuleCache.noindex -Xfrontend -serialize-debugging-options -application-extension -enable-testing -index-store-path /Users/pablo.ruiz.local/Library/Developer/Xcode/DerivedData/BabyLoading-devgcdutwgmnjvbujxkuusisadmd/Index.noindex/DataStore -Xcc -D_LIBCPP_HARDENING_MODE\=_LIBCPP_HARDENING_MODE_DEBUG -swift-version 5 -I /Users/pablo.ruiz.local/Library/Developer/Xcode/DerivedData/BabyLoading-devgcdutwgmnjvbujxkuusisadmd/Build/Products/Debug-iphoneos -F /Users/pablo.ruiz.local/Library/Developer/Xcode/DerivedData/BabyLoading-devgcdutwgmnjvbujxkuusisadmd/Build/Products/Debug-iphoneos -emit-localized-strings -emit-localized-strings-path /Users/pablo.ruiz.local/Library/Developer/Xcode/DerivedData/BabyLoading-devgcdutwgmnjvbujxkuusisadmd/Build/Intermediates.noindex/BabyLoading.build/Debug-iphoneos/BabyProgressWidgetExtension.build/Objects-normal/arm64 -c -j10 -enable-batch-mode -incremental -Xcc -ivfsstatcache -Xcc /Users/pablo.ruiz.local/Library/Developer/Xcode/DerivedData/SDKStatCaches.noindex/iphoneos26.2-23C53-3794476bd08197c3e2abd9bb477ef7f7.sdkstatcache -output-file-map /Users/pablo.ruiz.local/Library/Developer/Xcode/DerivedData/BabyLoading-devgcdutwgmnjvbujxkuusisadmd/Build/Intermediates.noindex/BabyLoading.build/Debug-iphoneos/BabyProgressWidgetExtension.build/Objects-normal/arm64/BabyProgressWidgetExtension-OutputFileMap.json -use-frontend-parseable-output -save-temps -no-color-diagnostics -explicit-module-build -module-cache-path /Users/pablo.ruiz.local/Library/Developer/Xcode/DerivedData/BabyLoading-devgcdutwgmnjvbujxkuusisadmd/Build/Intermediates.noindex/SwiftExplicitPrecompiledModules -clang-scanner-module-cache-path /Users/pablo.ruiz.local/Library/Developer/Xcode/DerivedData/ModuleCache.noindex -sdk-module-cache-path /Users/pablo.ruiz.local/Library/Developer/Xcode/DerivedData/ModuleCache.noindex -serialize-diagnostics -emit-dependencies -emit-module -emit-module-path /Users/pablo.ruiz.local/Library/Developer/Xcode/DerivedData/BabyLoading-devgcdutwgmnjvbujxkuusisadmd/Build/Intermediates.noindex/BabyLoading.build/Debug-iphoneos/BabyProgressWidgetExtension.build/Objects-normal/arm64/BabyProgressWidgetExtension.swiftmodule -validate-clang-modules-once -clang-build-session-file /Users/pablo.ruiz.local/Library/Developer/Xcode/DerivedData/ModuleCache.noindex/Session.modulevalidation -Xcc -I/Users/pablo.ruiz.local/Library/Developer/Xcode/DerivedData/BabyLoading-devgcdutwgmnjvbujxkuusisadmd/Build/Intermediates.noindex/BabyLoading.build/Debug-iphoneos/BabyProgressWidgetExtension.build/swift-overrides.hmap -emit-const-values -Xfrontend -const-gather-protocols-file -Xfrontend /Users/pablo.ruiz.local/Library/Developer/Xcode/DerivedData/BabyLoading-devgcdutwgmnjvbujxkuusisadmd/Build/Intermediates.noindex/BabyLoading.build/Debug-iphoneos/BabyProgressWidgetExtension.build/Objects-normal/arm64/BabyProgressWidgetExtension_const_extract_protocols.json -Xcc -iquote -Xcc /Users/pablo.ruiz.local/Library/Developer/Xcode/DerivedData/BabyLoading-devgcdutwgmnjvbujxkuusisadmd/Build/Intermediates.noindex/BabyLoading.build/Debug-iphoneos/BabyProgressWidgetExtension.build/BabyProgressWidgetExtension-generated-files.hmap -Xcc -I/Users/pablo.ruiz.local/Library/Developer/Xcode/DerivedData/BabyLoading-devgcdutwgmnjvbujxkuusisadmd/Build/Intermediates.noindex/BabyLoading.build/Debug-iphoneos/BabyProgressWidgetExtension.build/BabyProgressWidgetExtension-own-target-headers.hmap -Xcc -I/Users/pablo.ruiz.local/Library/Developer/Xcode/DerivedData/BabyLoading-devgcdutwgmnjvbujxkuusisadmd/Build/Intermediates.noindex/BabyLoading.build/Debug-iphoneos/BabyProgressWidgetExtension.build/BabyProgressWidgetExtension-all-target-headers.hmap -Xcc -iquote -Xcc /Users/pablo.ruiz.local/Library/Developer/Xcode/DerivedData/BabyLoading-devgcdutwgmnjvbujxkuusisadmd/Build/Intermediates.noindex/BabyLoading.build/Debug-iphoneos/BabyProgressWidgetExtension.build/BabyProgressWidgetExtension-project-headers.hmap -Xcc -I/Users/pablo.ruiz.local/Library/Developer/Xcode/DerivedData/BabyLoading-devgcdutwgmnjvbujxkuusisadmd/Build/Products/Debug-iphoneos/include -Xcc -I/Users/pablo.ruiz.local/Library/Developer/Xcode/DerivedData/BabyLoading-devgcdutwgmnjvbujxkuusisadmd/Build/Intermediates.noindex/BabyLoading.build/Debug-iphoneos/BabyProgressWidgetExtension.build/DerivedSources-normal/arm64 -Xcc -I/Users/pablo.ruiz.local/Library/Developer/Xcode/DerivedData/BabyLoading-devgcdutwgmnjvbujxkuusisadmd/Build/Intermediates.noindex/BabyLoading.build/Debug-iphoneos/BabyProgressWidgetExtension.build/DerivedSources/arm64 -Xcc -I/Users/pablo.ruiz.local/Library/Developer/Xcode/DerivedData/BabyLoading-devgcdutwgmnjvbujxkuusisadmd/Build/Intermediates.noindex/BabyLoading.build/Debug-iphoneos/BabyProgressWidgetExtension.build/DerivedSources -Xcc -DDEBUG\=1 -emit-objc-header -emit-objc-header-path /Users/pablo.ruiz.local/Library/Developer/Xcode/DerivedData/BabyLoading-devgcdutwgmnjvbujxkuusisadmd/Build/Intermediates.noindex/BabyLoading.build/Debug-iphoneos/BabyProgressWidgetExtension.build/Objects-normal/arm64/BabyProgressWidgetExtension-Swift.h -working-directory /Users/pablo.ruiz.local/Documents/XCode/BabyLoading -experimental-emit-module-separately -disable-cmo

SwiftMergeGeneratedHeaders /Users/pablo.ruiz.local/Library/Developer/Xcode/DerivedData/BabyLoading-devgcdutwgmnjvbujxkuusisadmd/Build/Intermediates.noindex/BabyLoading.build/Debug-iphoneos/BabyProgressWidgetExtension.build/DerivedSources/BabyProgressWidgetExtension-Swift.h /Users/pablo.ruiz.local/Library/Developer/Xcode/DerivedData/BabyLoading-devgcdutwgmnjvbujxkuusisadmd/Build/Intermediates.noindex/BabyLoading.build/Debug-iphoneos/BabyProgressWidgetExtension.build/Objects-normal/arm64/BabyProgressWidgetExtension-Swift.h (in target 'BabyProgressWidgetExtension' from project 'BabyLoading')
    cd /Users/pablo.ruiz.local/Documents/XCode/BabyLoading
    builtin-swiftHeaderTool -arch arm64 /Users/pablo.ruiz.local/Library/Developer/Xcode/DerivedData/BabyLoading-devgcdutwgmnjvbujxkuusisadmd/Build/Intermediates.noindex/BabyLoading.build/Debug-iphoneos/BabyProgressWidgetExtension.build/Objects-normal/arm64/BabyProgressWidgetExtension-Swift.h -o /Users/pablo.ruiz.local/Library/Developer/Xcode/DerivedData/BabyLoading-devgcdutwgmnjvbujxkuusisadmd/Build/Intermediates.noindex/BabyLoading.build/Debug-iphoneos/BabyProgressWidgetExtension.build/DerivedSources/BabyProgressWidgetExtension-Swift.h

Copy /Users/pablo.ruiz.local/Library/Developer/Xcode/DerivedData/BabyLoading-devgcdutwgmnjvbujxkuusisadmd/Build/Products/Debug-iphoneos/BabyProgressWidgetExtension.swiftmodule/arm64-apple-ios.abi.json /Users/pablo.ruiz.local/Library/Developer/Xcode/DerivedData/BabyLoading-devgcdutwgmnjvbujxkuusisadmd/Build/Intermediates.noindex/BabyLoading.build/Debug-iphoneos/BabyProgressWidgetExtension.build/Objects-normal/arm64/BabyProgressWidgetExtension.abi.json (in target 'BabyProgressWidgetExtension' from project 'BabyLoading')
    cd /Users/pablo.ruiz.local/Documents/XCode/BabyLoading
    builtin-copy -exclude .DS_Store -exclude CVS -exclude .svn -exclude .git -exclude .hg -resolve-src-symlinks -rename /Users/pablo.ruiz.local/Library/Developer/Xcode/DerivedData/BabyLoading-devgcdutwgmnjvbujxkuusisadmd/Build/Intermediates.noindex/BabyLoading.build/Debug-iphoneos/BabyProgressWidgetExtension.build/Objects-normal/arm64/BabyProgressWidgetExtension.abi.json /Users/pablo.ruiz.local/Library/Developer/Xcode/DerivedData/BabyLoading-devgcdutwgmnjvbujxkuusisadmd/Build/Products/Debug-iphoneos/BabyProgressWidgetExtension.swiftmodule/arm64-apple-ios.abi.json

Copy /Users/pablo.ruiz.local/Library/Developer/Xcode/DerivedData/BabyLoading-devgcdutwgmnjvbujxkuusisadmd/Build/Products/Debug-iphoneos/BabyProgressWidgetExtension.swiftmodule/arm64-apple-ios.swiftmodule /Users/pablo.ruiz.local/Library/Developer/Xcode/DerivedData/BabyLoading-devgcdutwgmnjvbujxkuusisadmd/Build/Intermediates.noindex/BabyLoading.build/Debug-iphoneos/BabyProgressWidgetExtension.build/Objects-normal/arm64/BabyProgressWidgetExtension.swiftmodule (in target 'BabyProgressWidgetExtension' from project 'BabyLoading')
    cd /Users/pablo.ruiz.local/Documents/XCode/BabyLoading
    builtin-copy -exclude .DS_Store -exclude CVS -exclude .svn -exclude .git -exclude .hg -resolve-src-symlinks -rename /Users/pablo.ruiz.local/Library/Developer/Xcode/DerivedData/BabyLoading-devgcdutwgmnjvbujxkuusisadmd/Build/Intermediates.noindex/BabyLoading.build/Debug-iphoneos/BabyProgressWidgetExtension.build/Objects-normal/arm64/BabyProgressWidgetExtension.swiftmodule /Users/pablo.ruiz.local/Library/Developer/Xcode/DerivedData/BabyLoading-devgcdutwgmnjvbujxkuusisadmd/Build/Products/Debug-iphoneos/BabyProgressWidgetExtension.swiftmodule/arm64-apple-ios.swiftmodule

Copy /Users/pablo.ruiz.local/Library/Developer/Xcode/DerivedData/BabyLoading-devgcdutwgmnjvbujxkuusisadmd/Build/Products/Debug-iphoneos/BabyProgressWidgetExtension.swiftmodule/arm64-apple-ios.swiftdoc /Users/pablo.ruiz.local/Library/Developer/Xcode/DerivedData/BabyLoading-devgcdutwgmnjvbujxkuusisadmd/Build/Intermediates.noindex/BabyLoading.build/Debug-iphoneos/BabyProgressWidgetExtension.build/Objects-normal/arm64/BabyProgressWidgetExtension.swiftdoc (in target 'BabyProgressWidgetExtension' from project 'BabyLoading')
    cd /Users/pablo.ruiz.local/Documents/XCode/BabyLoading
    builtin-copy -exclude .DS_Store -exclude CVS -exclude .svn -exclude .git -exclude .hg -resolve-src-symlinks -rename /Users/pablo.ruiz.local/Library/Developer/Xcode/DerivedData/BabyLoading-devgcdutwgmnjvbujxkuusisadmd/Build/Intermediates.noindex/BabyLoading.build/Debug-iphoneos/BabyProgressWidgetExtension.build/Objects-normal/arm64/BabyProgressWidgetExtension.swiftdoc /Users/pablo.ruiz.local/Library/Developer/Xcode/DerivedData/BabyLoading-devgcdutwgmnjvbujxkuusisadmd/Build/Products/Debug-iphoneos/BabyProgressWidgetExtension.swiftmodule/arm64-apple-ios.swiftdoc

Copy /Users/pablo.ruiz.local/Library/Developer/Xcode/DerivedData/BabyLoading-devgcdutwgmnjvbujxkuusisadmd/Build/Products/Debug-iphoneos/BabyProgressWidgetExtension.swiftmodule/Project/arm64-apple-ios.swiftsourceinfo /Users/pablo.ruiz.local/Library/Developer/Xcode/DerivedData/BabyLoading-devgcdutwgmnjvbujxkuusisadmd/Build/Intermediates.noindex/BabyLoading.build/Debug-iphoneos/BabyProgressWidgetExtension.build/Objects-normal/arm64/BabyProgressWidgetExtension.swiftsourceinfo (in target 'BabyProgressWidgetExtension' from project 'BabyLoading')
    cd /Users/pablo.ruiz.local/Documents/XCode/BabyLoading
    builtin-copy -exclude .DS_Store -exclude CVS -exclude .svn -exclude .git -exclude .hg -resolve-src-symlinks -rename /Users/pablo.ruiz.local/Library/Developer/Xcode/DerivedData/BabyLoading-devgcdutwgmnjvbujxkuusisadmd/Build/Intermediates.noindex/BabyLoading.build/Debug-iphoneos/BabyProgressWidgetExtension.build/Objects-normal/arm64/BabyProgressWidgetExtension.swiftsourceinfo /Users/pablo.ruiz.local/Library/Developer/Xcode/DerivedData/BabyLoading-devgcdutwgmnjvbujxkuusisadmd/Build/Products/Debug-iphoneos/BabyProgressWidgetExtension.swiftmodule/Project/arm64-apple-ios.swiftsourceinfo

ProcessProductPackaging /Users/pablo.ruiz.local/Library/Developer/Xcode/UserData/Provisioning\ Profiles/2b7b42f1-654a-4f44-9847-f2747d0fa1cf.provisionprofile /Users/pablo.ruiz.local/Library/Developer/Xcode/DerivedData/BabyLoading-devgcdutwgmnjvbujxkuusisadmd/Build/Products/Debug/BabyLoading.app/Contents/embedded.provisionprofile (in target 'BabyLoading' from project 'BabyLoading')
    cd /Users/pablo.ruiz.local/Documents/XCode/BabyLoading
    builtin-productPackagingUtility /Users/pablo.ruiz.local/Library/Developer/Xcode/UserData/Provisioning\ Profiles/2b7b42f1-654a-4f44-9847-f2747d0fa1cf.provisionprofile -o /Users/pablo.ruiz.local/Library/Developer/Xcode/DerivedData/BabyLoading-devgcdutwgmnjvbujxkuusisadmd/Build/Products/Debug/BabyLoading.app/Contents/embedded.provisionprofile

ProcessProductPackaging /Users/pablo.ruiz.local/Documents/XCode/BabyLoading/BabyLoading/App/BabyLoading.entitlements /Users/pablo.ruiz.local/Library/Developer/Xcode/DerivedData/BabyLoading-devgcdutwgmnjvbujxkuusisadmd/Build/Intermediates.noindex/BabyLoading.build/Debug/BabyLoading.build/BabyLoading.app.xcent (in target 'BabyLoading' from project 'BabyLoading')
    cd /Users/pablo.ruiz.local/Documents/XCode/BabyLoading
    
    Entitlements:
    
    {
    "com.apple.application-identifier" = "9UT6S74KT6.com.pablo.ruiz.BabyLoading";
    "com.apple.developer.team-identifier" = 9UT6S74KT6;
    "com.apple.security.app-sandbox" = 1;
    "com.apple.security.application-groups" =     (
        "group.com.pablo.BabyLoading"
    );
    "com.apple.security.files.user-selected.read-only" = 1;
    "com.apple.security.get-task-allow" = 1;
}
    
    builtin-productPackagingUtility /Users/pablo.ruiz.local/Documents/XCode/BabyLoading/BabyLoading/App/BabyLoading.entitlements -entitlements -format xml -o /Users/pablo.ruiz.local/Library/Developer/Xcode/DerivedData/BabyLoading-devgcdutwgmnjvbujxkuusisadmd/Build/Intermediates.noindex/BabyLoading.build/Debug/BabyLoading.build/BabyLoading.app.xcent

ProcessProductPackagingDER /Users/pablo.ruiz.local/Library/Developer/Xcode/DerivedData/BabyLoading-devgcdutwgmnjvbujxkuusisadmd/Build/Intermediates.noindex/BabyLoading.build/Debug/BabyLoading.build/BabyLoading.app.xcent /Users/pablo.ruiz.local/Library/Developer/Xcode/DerivedData/BabyLoading-devgcdutwgmnjvbujxkuusisadmd/Build/Intermediates.noindex/BabyLoading.build/Debug/BabyLoading.build/BabyLoading.app.xcent.der (in target 'BabyLoading' from project 'BabyLoading')
    cd /Users/pablo.ruiz.local/Documents/XCode/BabyLoading
    /usr/bin/derq query -f xml -i /Users/pablo.ruiz.local/Library/Developer/Xcode/DerivedData/BabyLoading-devgcdutwgmnjvbujxkuusisadmd/Build/Intermediates.noindex/BabyLoading.build/Debug/BabyLoading.build/BabyLoading.app.xcent -o /Users/pablo.ruiz.local/Library/Developer/Xcode/DerivedData/BabyLoading-devgcdutwgmnjvbujxkuusisadmd/Build/Intermediates.noindex/BabyLoading.build/Debug/BabyLoading.build/BabyLoading.app.xcent.der --raw

SwiftDriverJobDiscovery normal arm64 Compiling SimpleEntry.swift (in target 'BabyProgressWidgetExtension' from project 'BabyLoading')

GenerateAssetSymbols /Users/pablo.ruiz.local/Documents/XCode/BabyLoading/BabyProgressWidget/Assets.xcassets /Users/pablo.ruiz.local/Documents/XCode/BabyLoading/BabyLoading/Resources/Assets.xcassets (in target 'BabyLoading' from project 'BabyLoading')
    cd /Users/pablo.ruiz.local/Documents/XCode/BabyLoading
    /Applications/Xcode.app/Contents/Developer/usr/bin/actool /Users/pablo.ruiz.local/Documents/XCode/BabyLoading/BabyProgressWidget/Assets.xcassets /Users/pablo.ruiz.local/Documents/XCode/BabyLoading/BabyLoading/Resources/Assets.xcassets --compile /Users/pablo.ruiz.local/Library/Developer/Xcode/DerivedData/BabyLoading-devgcdutwgmnjvbujxkuusisadmd/Build/Products/Debug/BabyLoading.app/Contents/Resources --output-format human-readable-text --notices --warnings --export-dependency-info /Users/pablo.ruiz.local/Library/Developer/Xcode/DerivedData/BabyLoading-devgcdutwgmnjvbujxkuusisadmd/Build/Intermediates.noindex/BabyLoading.build/Debug/BabyLoading.build/assetcatalog_dependencies --output-partial-info-plist /Users/pablo.ruiz.local/Library/Developer/Xcode/DerivedData/BabyLoading-devgcdutwgmnjvbujxkuusisadmd/Build/Intermediates.noindex/BabyLoading.build/Debug/BabyLoading.build/assetcatalog_generated_info.plist --app-icon AppIcon --accent-color AccentColor --enable-on-demand-resources NO --development-region en --target-device mac --minimum-deployment-target 26.2 --platform macosx --bundle-identifier com.pablo.ruiz.BabyLoading --generate-swift-asset-symbols /Users/pablo.ruiz.local/Library/Developer/Xcode/DerivedData/BabyLoading-devgcdutwgmnjvbujxkuusisadmd/Build/Intermediates.noindex/BabyLoading.build/Debug/BabyLoading.build/DerivedSources/GeneratedAssetSymbols.swift --generate-objc-asset-symbols /Users/pablo.ruiz.local/Library/Developer/Xcode/DerivedData/BabyLoading-devgcdutwgmnjvbujxkuusisadmd/Build/Intermediates.noindex/BabyLoading.build/Debug/BabyLoading.build/DerivedSources/GeneratedAssetSymbols.h --generate-asset-symbol-index /Users/pablo.ruiz.local/Library/Developer/Xcode/DerivedData/BabyLoading-devgcdutwgmnjvbujxkuusisadmd/Build/Intermediates.noindex/BabyLoading.build/Debug/BabyLoading.build/DerivedSources/GeneratedAssetSymbols-Index.plist
/* com.apple.actool.compilation-results */
/Users/pablo.ruiz.local/Library/Developer/Xcode/DerivedData/BabyLoading-devgcdutwgmnjvbujxkuusisadmd/Build/Intermediates.noindex/BabyLoading.build/Debug/BabyLoading.build/DerivedSources/GeneratedAssetSymbols-Index.plist
/Users/pablo.ruiz.local/Library/Developer/Xcode/DerivedData/BabyLoading-devgcdutwgmnjvbujxkuusisadmd/Build/Intermediates.noindex/BabyLoading.build/Debug/BabyLoading.build/DerivedSources/GeneratedAssetSymbols.h
/Users/pablo.ruiz.local/Library/Developer/Xcode/DerivedData/BabyLoading-devgcdutwgmnjvbujxkuusisadmd/Build/Intermediates.noindex/BabyLoading.build/Debug/BabyLoading.build/DerivedSources/GeneratedAssetSymbols.swift


MkDir /Users/pablo.ruiz.local/Library/Developer/Xcode/DerivedData/BabyLoading-devgcdutwgmnjvbujxkuusisadmd/Build/Intermediates.noindex/BabyLoading.build/Debug/BabyLoading.build/assetcatalog_output/thinned (in target 'BabyLoading' from project 'BabyLoading')
    cd /Users/pablo.ruiz.local/Documents/XCode/BabyLoading
    /bin/mkdir -p /Users/pablo.ruiz.local/Library/Developer/Xcode/DerivedData/BabyLoading-devgcdutwgmnjvbujxkuusisadmd/Build/Intermediates.noindex/BabyLoading.build/Debug/BabyLoading.build/assetcatalog_output/thinned

MkDir /Users/pablo.ruiz.local/Library/Developer/Xcode/DerivedData/BabyLoading-devgcdutwgmnjvbujxkuusisadmd/Build/Intermediates.noindex/BabyLoading.build/Debug/BabyLoading.build/assetcatalog_output/unthinned (in target 'BabyLoading' from project 'BabyLoading')
    cd /Users/pablo.ruiz.local/Documents/XCode/BabyLoading
    /bin/mkdir -p /Users/pablo.ruiz.local/Library/Developer/Xcode/DerivedData/BabyLoading-devgcdutwgmnjvbujxkuusisadmd/Build/Intermediates.noindex/BabyLoading.build/Debug/BabyLoading.build/assetcatalog_output/unthinned

CompileAssetCatalogVariant thinned /Users/pablo.ruiz.local/Library/Developer/Xcode/DerivedData/BabyLoading-devgcdutwgmnjvbujxkuusisadmd/Build/Products/Debug/BabyLoading.app/Contents/Resources /Users/pablo.ruiz.local/Documents/XCode/BabyLoading/BabyProgressWidget/Assets.xcassets /Users/pablo.ruiz.local/Documents/XCode/BabyLoading/BabyLoading/Resources/Assets.xcassets (in target 'BabyLoading' from project 'BabyLoading')
    cd /Users/pablo.ruiz.local/Documents/XCode/BabyLoading
    /Applications/Xcode.app/Contents/Developer/usr/bin/actool /Users/pablo.ruiz.local/Documents/XCode/BabyLoading/BabyProgressWidget/Assets.xcassets /Users/pablo.ruiz.local/Documents/XCode/BabyLoading/BabyLoading/Resources/Assets.xcassets --compile /Users/pablo.ruiz.local/Library/Developer/Xcode/DerivedData/BabyLoading-devgcdutwgmnjvbujxkuusisadmd/Build/Intermediates.noindex/BabyLoading.build/Debug/BabyLoading.build/assetcatalog_output/thinned --output-format human-readable-text --notices --warnings --export-dependency-info /Users/pablo.ruiz.local/Library/Developer/Xcode/DerivedData/BabyLoading-devgcdutwgmnjvbujxkuusisadmd/Build/Intermediates.noindex/BabyLoading.build/Debug/BabyLoading.build/assetcatalog_dependencies_thinned --output-partial-info-plist /Users/pablo.ruiz.local/Library/Developer/Xcode/DerivedData/BabyLoading-devgcdutwgmnjvbujxkuusisadmd/Build/Intermediates.noindex/BabyLoading.build/Debug/BabyLoading.build/assetcatalog_generated_info.plist_thinned --app-icon AppIcon --accent-color AccentColor --enable-on-demand-resources NO --development-region en --target-device mac --minimum-deployment-target 26.2 --platform macosx
/* com.apple.actool.document.warnings */
/Users/pablo.ruiz.local/Documents/XCode/BabyLoading/BabyLoading/Resources/Assets.xcassets:./Images/img_grapefruit.imageset: warning: The image set name "img_grapefruit" is used by multiple image sets.
/Users/pablo.ruiz.local/Documents/XCode/BabyLoading/BabyProgressWidget/Assets.xcassets:./Images/img_grapefruit.imageset: warning: The image set name "img_grapefruit" is used by multiple image sets.
/Users/pablo.ruiz.local/Documents/XCode/BabyLoading/BabyLoading/Resources/Assets.xcassets:./Images/img_apple.imageset: warning: The image set name "img_apple" is used by multiple image sets.
/Users/pablo.ruiz.local/Documents/XCode/BabyLoading/BabyProgressWidget/Assets.xcassets:./Images/img_apple.imageset: warning: The image set name "img_apple" is used by multiple image sets.
/Users/pablo.ruiz.local/Documents/XCode/BabyLoading/BabyLoading/Resources/Assets.xcassets:./Images/img_eggplant.imageset: warning: The image set name "img_eggplant" is used by multiple image sets.
/Users/pablo.ruiz.local/Documents/XCode/BabyLoading/BabyProgressWidget/Assets.xcassets:./Images/img_eggplant.imageset: warning: The image set name "img_eggplant" is used by multiple image sets.
/Users/pablo.ruiz.local/Documents/XCode/BabyLoading/BabyLoading/Resources/Assets.xcassets:./Images/img_plum.imageset: warning: The image set name "img_plum" is used by multiple image sets.
/Users/pablo.ruiz.local/Documents/XCode/BabyLoading/BabyProgressWidget/Assets.xcassets:./Images/img_plum.imageset: warning: The image set name "img_plum" is used by multiple image sets.
/Users/pablo.ruiz.local/Documents/XCode/BabyLoading/BabyLoading/Resources/Assets.xcassets:./Images/img_raspberry.imageset: warning: The image set name "img_raspberry" is used by multiple image sets.
/Users/pablo.ruiz.local/Documents/XCode/BabyLoading/BabyProgressWidget/Assets.xcassets:./Images/img_raspberry.imageset: warning: The image set name "img_raspberry" is used by multiple image sets.
/Users/pablo.ruiz.local/Documents/XCode/BabyLoading/BabyLoading/Resources/Assets.xcassets:./Images/img_corn.imageset: warning: The image set name "img_corn" is used by multiple image sets.
/Users/pablo.ruiz.local/Documents/XCode/BabyLoading/BabyProgressWidget/Assets.xcassets:./Images/img_corn.imageset: warning: The image set name "img_corn" is used by multiple image sets.
/Users/pablo.ruiz.local/Documents/XCode/BabyLoading/BabyLoading/Resources/Assets.xcassets:./Images/img_pomegranate.imageset: warning: The image set name "img_pomegranate" is used by multiple image sets.
/Users/pablo.ruiz.local/Documents/XCode/BabyLoading/BabyProgressWidget/Assets.xcassets:./Images/img_pomegranate.imageset: warning: The image set name "img_pomegranate" is used by multiple image sets.
/Users/pablo.ruiz.local/Documents/XCode/BabyLoading/BabyLoading/Resources/Assets.xcassets:./Images/img_peach.imageset: warning: The image set name "img_peach" is used by multiple image sets.
/Users/pablo.ruiz.local/Documents/XCode/BabyLoading/BabyProgressWidget/Assets.xcassets:./Images/img_peach.imageset: warning: The image set name "img_peach" is used by multiple image sets.
/Users/pablo.ruiz.local/Documents/XCode/BabyLoading/BabyLoading/Resources/Assets.xcassets:./Images/img_coconut.imageset: warning: The image set name "img_coconut" is used by multiple image sets.
/Users/pablo.ruiz.local/Documents/XCode/BabyLoading/BabyProgressWidget/Assets.xcassets:./Images/img_coconut.imageset: warning: The image set name "img_coconut" is used by multiple image sets.
/Users/pablo.ruiz.local/Documents/XCode/BabyLoading/BabyLoading/Resources/Assets.xcassets:./Images/img_pineapple.imageset: warning: The image set name "img_pineapple" is used by multiple image sets.
/Users/pablo.ruiz.local/Documents/XCode/BabyLoading/BabyProgressWidget/Assets.xcassets:./Images/img_pineapple.imageset: warning: The image set name "img_pineapple" is used by multiple image sets.
/Users/pablo.ruiz.local/Documents/XCode/BabyLoading/BabyLoading/Resources/Assets.xcassets:./Images/img_cantaloupe.imageset: warning: The image set name "img_cantaloupe" is used by multiple image sets.
/Users/pablo.ruiz.local/Documents/XCode/BabyLoading/BabyProgressWidget/Assets.xcassets:./Images/img_cantaloupe.imageset: warning: The image set name "img_cantaloupe" is used by multiple image sets.
/Users/pablo.ruiz.local/Documents/XCode/BabyLoading/BabyLoading/Resources/Assets.xcassets:./Images/img_pumpkin.imageset: warning: The image set name "img_pumpkin" is used by multiple image sets.
/Users/pablo.ruiz.local/Documents/XCode/BabyLoading/BabyProgressWidget/Assets.xcassets:./Images/img_pumpkin.imageset: warning: The image set name "img_pumpkin" is used by multiple image sets.
/Users/pablo.ruiz.local/Documents/XCode/BabyLoading/BabyLoading/Resources/Assets.xcassets:./Images/img_napacabbage.imageset: warning: The image set name "img_napacabbage" is used by multiple image sets.
/Users/pablo.ruiz.local/Documents/XCode/BabyLoading/BabyProgressWidget/Assets.xcassets:./Images/img_napacabbage.imageset: warning: The image set name "img_napacabbage" is used by multiple image sets.
/Users/pablo.ruiz.local/Documents/XCode/BabyLoading/BabyLoading/Resources/Assets.xcassets:./Images/img_bunchofgrapes.imageset: warning: The image set name "img_bunchofgrapes" is used by multiple image sets.
/Users/pablo.ruiz.local/Documents/XCode/BabyLoading/BabyProgressWidget/Assets.xcassets:./Images/img_bunchofgrapes.imageset: warning: The image set name "img_bunchofgrapes" is used by multiple image sets.
/Users/pablo.ruiz.local/Documents/XCode/BabyLoading/BabyLoading/Resources/Assets.xcassets:./Images/img_watermelon.imageset: warning: The image set name "img_watermelon" is used by multiple image sets.
/Users/pablo.ruiz.local/Documents/XCode/BabyLoading/BabyProgressWidget/Assets.xcassets:./Images/img_watermelon.imageset: warning: The image set name "img_watermelon" is used by multiple image sets.
/Users/pablo.ruiz.local/Documents/XCode/BabyLoading/BabyLoading/Resources/Assets.xcassets:./Images/img_lime.imageset: warning: The image set name "img_lime" is used by multiple image sets.
/Users/pablo.ruiz.local/Documents/XCode/BabyLoading/BabyProgressWidget/Assets.xcassets:./Images/img_lime.imageset: warning: The image set name "img_lime" is used by multiple image sets.
/Users/pablo.ruiz.local/Documents/XCode/BabyLoading/BabyLoading/Resources/Assets.xcassets:./Images/img_sweetpotato.imageset: warning: The image set name "img_sweetpotato" is used by multiple image sets.
/Users/pablo.ruiz.local/Documents/XCode/BabyLoading/BabyProgressWidget/Assets.xcassets:./Images/img_sweetpotato.imageset: warning: The image set name "img_sweetpotato" is used by multiple image sets.
/Users/pablo.ruiz.local/Documents/XCode/BabyLoading/BabyLoading/Resources/Assets.xcassets:./Images/img_lentil.imageset: warning: The image set name "img_lentil" is used by multiple image sets.
/Users/pablo.ruiz.local/Documents/XCode/BabyLoading/BabyProgressWidget/Assets.xcassets:./Images/img_lentil.imageset: warning: The image set name "img_lentil" is used by multiple image sets.
/Users/pablo.ruiz.local/Documents/XCode/BabyLoading/BabyLoading/Resources/Assets.xcassets:./Images/img_pear.imageset: warning: The image set name "img_pear" is used by multiple image sets.
/Users/pablo.ruiz.local/Documents/XCode/BabyLoading/BabyProgressWidget/Assets.xcassets:./Images/img_pear.imageset: warning: The image set name "img_pear" is used by multiple image sets.
/Users/pablo.ruiz.local/Documents/XCode/BabyLoading/BabyLoading/Resources/Assets.xcassets:./Images/img_mango.imageset: warning: The image set name "img_mango" is used by multiple image sets.
/Users/pablo.ruiz.local/Documents/XCode/BabyLoading/BabyProgressWidget/Assets.xcassets:./Images/img_mango.imageset: warning: The image set name "img_mango" is used by multiple image sets.
/Users/pablo.ruiz.local/Documents/XCode/BabyLoading/BabyLoading/Resources/Assets.xcassets:./Images/img_strawberry.imageset: warning: The image set name "img_strawberry" is used by multiple image sets.
/Users/pablo.ruiz.local/Documents/XCode/BabyLoading/BabyProgressWidget/Assets.xcassets:./Images/img_strawberry.imageset: warning: The image set name "img_strawberry" is used by multiple image sets.
/Users/pablo.ruiz.local/Documents/XCode/BabyLoading/BabyLoading/Resources/Assets.xcassets:./Images/img_lemon.imageset: warning: The image set name "img_lemon" is used by multiple image sets.
/Users/pablo.ruiz.local/Documents/XCode/BabyLoading/BabyProgressWidget/Assets.xcassets:./Images/img_lemon.imageset: warning: The image set name "img_lemon" is used by multiple image sets.
/Users/pablo.ruiz.local/Documents/XCode/BabyLoading/BabyLoading/Resources/Assets.xcassets:./Images/img_dragonfruit.imageset: warning: The image set name "img_dragonfruit" is used by multiple image sets.
/Users/pablo.ruiz.local/Documents/XCode/BabyLoading/BabyProgressWidget/Assets.xcassets:./Images/img_dragonfruit.imageset: warning: The image set name "img_dragonfruit" is used by multiple image sets.
/Users/pablo.ruiz.local/Documents/XCode/BabyLoading/BabyLoading/Resources/Assets.xcassets:./Images/img_blueberry.imageset: warning: The image set name "img_blueberry" is used by multiple image sets.
/Users/pablo.ruiz.local/Documents/XCode/BabyLoading/BabyProgressWidget/Assets.xcassets:./Images/img_blueberry.imageset: warning: The image set name "img_blueberry" is used by multiple image sets.
/Users/pablo.ruiz.local/Documents/XCode/BabyLoading/BabyLoading/Resources/Assets.xcassets:./Images/img_jicama.imageset: warning: The image set name "img_jicama" is used by multiple image sets.
/Users/pablo.ruiz.local/Documents/XCode/BabyLoading/BabyProgressWidget/Assets.xcassets:./Images/img_jicama.imageset: warning: The image set name "img_jicama" is used by multiple image sets.
/Users/pablo.ruiz.local/Documents/XCode/BabyLoading/BabyLoading/Resources/Assets.xcassets:./Images/img_cucumber.imageset: warning: The image set name "img_cucumber" is used by multiple image sets.
/Users/pablo.ruiz.local/Documents/XCode/BabyLoading/BabyProgressWidget/Assets.xcassets:./Images/img_cucumber.imageset: warning: The image set name "img_cucumber" is used by multiple image sets.
/Users/pablo.ruiz.local/Documents/XCode/BabyLoading/BabyLoading/Resources/Assets.xcassets:./Images/img_butternutsquash.imageset: warning: The image set name "img_butternutsquash" is used by multiple image sets.
/Users/pablo.ruiz.local/Documents/XCode/BabyLoading/BabyProgressWidget/Assets.xcassets:./Images/img_butternutsquash.imageset: warning: The image set name "img_butternutsquash" is used by multiple image sets.
/Users/pablo.ruiz.local/Documents/XCode/BabyLoading/BabyLoading/Resources/Assets.xcassets:./Images/img_cherry.imageset: warning: The image set name "img_cherry" is used by multiple image sets.
/Users/pablo.ruiz.local/Documents/XCode/BabyLoading/BabyProgressWidget/Assets.xcassets:./Images/img_cherry.imageset: warning: The image set name "img_cherry" is used by multiple image sets.
/Users/pablo.ruiz.local/Documents/XCode/BabyLoading/BabyLoading/Resources/Assets.xcassets:./Images/img_avocado.imageset: warning: The image set name "img_avocado" is used by multiple image sets.
/Users/pablo.ruiz.local/Documents/XCode/BabyLoading/BabyProgressWidget/Assets.xcassets:./Images/img_avocado.imageset: warning: The image set name "img_avocado" is used by multiple image sets.
/Users/pablo.ruiz.local/Documents/XCode/BabyLoading/BabyLoading/Resources/Assets.xcassets:./Images/img_carrot.imageset: warning: The image set name "img_carrot" is used by multiple image sets.
/Users/pablo.ruiz.local/Documents/XCode/BabyLoading/BabyProgressWidget/Assets.xcassets:./Images/img_carrot.imageset: warning: The image set name "img_carrot" is used by multiple image sets.
/Users/pablo.ruiz.local/Documents/XCode/BabyLoading/BabyLoading/Resources/Assets.xcassets:./Images/img_leek.imageset: warning: The image set name "img_leek" is used by multiple image sets.
/Users/pablo.ruiz.local/Documents/XCode/BabyLoading/BabyProgressWidget/Assets.xcassets:./Images/img_leek.imageset: warning: The image set name "img_leek" is used by multiple image sets.
/Users/pablo.ruiz.local/Documents/XCode/BabyLoading/BabyLoading/Resources/Assets.xcassets:./Images/img_zucchini.imageset: warning: The image set name "img_zucchini" is used by multiple image sets.
/Users/pablo.ruiz.local/Documents/XCode/BabyLoading/BabyProgressWidget/Assets.xcassets:./Images/img_zucchini.imageset: warning: The image set name "img_zucchini" is used by multiple image sets.
/Users/pablo.ruiz.local/Documents/XCode/BabyLoading/BabyLoading/Resources/Assets.xcassets:./Images/img_banana.imageset: warning: The image set name "img_banana" is used by multiple image sets.
/Users/pablo.ruiz.local/Documents/XCode/BabyLoading/BabyProgressWidget/Assets.xcassets:./Images/img_banana.imageset: warning: The image set name "img_banana" is used by multiple image sets.
/Users/pablo.ruiz.local/Documents/XCode/BabyLoading/BabyLoading/Resources/Assets.xcassets:./Images/img_papaya.imageset: warning: The image set name "img_papaya" is used by multiple image sets.
/Users/pablo.ruiz.local/Documents/XCode/BabyLoading/BabyProgressWidget/Assets.xcassets:./Images/img_papaya.imageset: warning: The image set name "img_papaya" is used by multiple image sets.
/Users/pablo.ruiz.local/Documents/XCode/BabyLoading/BabyLoading/Resources/Assets.xcassets:./Images/img_broccoli.imageset: warning: The image set name "img_broccoli" is used by multiple image sets.
/Users/pablo.ruiz.local/Documents/XCode/BabyLoading/BabyProgressWidget/Assets.xcassets:./Images/img_broccoli.imageset: warning: The image set name "img_broccoli" is used by multiple image sets.
/* com.apple.actool.compilation-results */
/Users/pablo.ruiz.local/Library/Developer/Xcode/DerivedData/BabyLoading-devgcdutwgmnjvbujxkuusisadmd/Build/Intermediates.noindex/BabyLoading.build/Debug/BabyLoading.build/assetcatalog_generated_info.plist_thinned
/Users/pablo.ruiz.local/Library/Developer/Xcode/DerivedData/BabyLoading-devgcdutwgmnjvbujxkuusisadmd/Build/Intermediates.noindex/BabyLoading.build/Debug/BabyLoading.build/assetcatalog_output/thinned/Assets.car


SwiftDriverJobDiscovery normal arm64 Compiling BabyProgressWidgetBundle.swift, BabyProgressWidgetEntryView.swift (in target 'BabyProgressWidgetExtension' from project 'BabyLoading')

SwiftDriver BabyLoading normal arm64 com.apple.xcode.tools.swift.compiler (in target 'BabyLoading' from project 'BabyLoading')
    cd /Users/pablo.ruiz.local/Documents/XCode/BabyLoading
    builtin-SwiftDriver -- /Applications/Xcode.app/Contents/Developer/Toolchains/XcodeDefault.xctoolchain/usr/bin/swiftc -module-name BabyLoading -Onone -enforce-exclusivity\=checked @/Users/pablo.ruiz.local/Library/Developer/Xcode/DerivedData/BabyLoading-devgcdutwgmnjvbujxkuusisadmd/Build/Intermediates.noindex/BabyLoading.build/Debug/BabyLoading.build/Objects-normal/arm64/BabyLoading.SwiftFileList -DDEBUG -default-isolation\=MainActor -enable-bare-slash-regex -enable-upcoming-feature DisableOutwardActorInference -enable-upcoming-feature InferSendableFromCaptures -enable-upcoming-feature GlobalActorIsolatedTypesUsability -enable-upcoming-feature MemberImportVisibility -enable-upcoming-feature InferIsolatedConformances -enable-upcoming-feature NonisolatedNonsendingByDefault -enable-experimental-feature DebugDescriptionMacro -sdk /Applications/Xcode.app/Contents/Developer/Platforms/MacOSX.platform/Developer/SDKs/MacOSX26.2.sdk -target arm64-apple-macos26.2 -g -module-cache-path /Users/pablo.ruiz.local/Library/Developer/Xcode/DerivedData/ModuleCache.noindex -Xfrontend -serialize-debugging-options -enable-testing -index-store-path /Users/pablo.ruiz.local/Library/Developer/Xcode/DerivedData/BabyLoading-devgcdutwgmnjvbujxkuusisadmd/Index.noindex/DataStore -Xcc -D_LIBCPP_HARDENING_MODE\=_LIBCPP_HARDENING_MODE_DEBUG -swift-version 5 -I /Users/pablo.ruiz.local/Library/Developer/Xcode/DerivedData/BabyLoading-devgcdutwgmnjvbujxkuusisadmd/Build/Products/Debug -F /Users/pablo.ruiz.local/Library/Developer/Xcode/DerivedData/BabyLoading-devgcdutwgmnjvbujxkuusisadmd/Build/Products/Debug -emit-localized-strings -emit-localized-strings-path /Users/pablo.ruiz.local/Library/Developer/Xcode/DerivedData/BabyLoading-devgcdutwgmnjvbujxkuusisadmd/Build/Intermediates.noindex/BabyLoading.build/Debug/BabyLoading.build/Objects-normal/arm64 -c -j10 -enable-batch-mode -incremental -Xcc -ivfsstatcache -Xcc /Users/pablo.ruiz.local/Library/Developer/Xcode/DerivedData/SDKStatCaches.noindex/macosx26.2-25C57-00fa09913b459cbbc988d1f6730289ae.sdkstatcache -output-file-map /Users/pablo.ruiz.local/Library/Developer/Xcode/DerivedData/BabyLoading-devgcdutwgmnjvbujxkuusisadmd/Build/Intermediates.noindex/BabyLoading.build/Debug/BabyLoading.build/Objects-normal/arm64/BabyLoading-OutputFileMap.json -use-frontend-parseable-output -save-temps -no-color-diagnostics -explicit-module-build -module-cache-path /Users/pablo.ruiz.local/Library/Developer/Xcode/DerivedData/BabyLoading-devgcdutwgmnjvbujxkuusisadmd/Build/Intermediates.noindex/SwiftExplicitPrecompiledModules -clang-scanner-module-cache-path /Users/pablo.ruiz.local/Library/Developer/Xcode/DerivedData/ModuleCache.noindex -sdk-module-cache-path /Users/pablo.ruiz.local/Library/Developer/Xcode/DerivedData/ModuleCache.noindex -serialize-diagnostics -emit-dependencies -emit-module -emit-module-path /Users/pablo.ruiz.local/Library/Developer/Xcode/DerivedData/BabyLoading-devgcdutwgmnjvbujxkuusisadmd/Build/Intermediates.noindex/BabyLoading.build/Debug/BabyLoading.build/Objects-normal/arm64/BabyLoading.swiftmodule -validate-clang-modules-once -clang-build-session-file /Users/pablo.ruiz.local/Library/Developer/Xcode/DerivedData/ModuleCache.noindex/Session.modulevalidation -Xcc -I/Users/pablo.ruiz.local/Library/Developer/Xcode/DerivedData/BabyLoading-devgcdutwgmnjvbujxkuusisadmd/Build/Intermediates.noindex/BabyLoading.build/Debug/BabyLoading.build/swift-overrides.hmap -emit-const-values -Xfrontend -const-gather-protocols-file -Xfrontend /Users/pablo.ruiz.local/Library/Developer/Xcode/DerivedData/BabyLoading-devgcdutwgmnjvbujxkuusisadmd/Build/Intermediates.noindex/BabyLoading.build/Debug/BabyLoading.build/Objects-normal/arm64/BabyLoading_const_extract_protocols.json -Xcc -iquote -Xcc /Users/pablo.ruiz.local/Library/Developer/Xcode/DerivedData/BabyLoading-devgcdutwgmnjvbujxkuusisadmd/Build/Intermediates.noindex/BabyLoading.build/Debug/BabyLoading.build/BabyLoading-generated-files.hmap -Xcc -I/Users/pablo.ruiz.local/Library/Developer/Xcode/DerivedData/BabyLoading-devgcdutwgmnjvbujxkuusisadmd/Build/Intermediates.noindex/BabyLoading.build/Debug/BabyLoading.build/BabyLoading-own-target-headers.hmap -Xcc -I/Users/pablo.ruiz.local/Library/Developer/Xcode/DerivedData/BabyLoading-devgcdutwgmnjvbujxkuusisadmd/Build/Intermediates.noindex/BabyLoading.build/Debug/BabyLoading.build/BabyLoading-all-target-headers.hmap -Xcc -iquote -Xcc /Users/pablo.ruiz.local/Library/Developer/Xcode/DerivedData/BabyLoading-devgcdutwgmnjvbujxkuusisadmd/Build/Intermediates.noindex/BabyLoading.build/Debug/BabyLoading.build/BabyLoading-project-headers.hmap -Xcc -I/Users/pablo.ruiz.local/Library/Developer/Xcode/DerivedData/BabyLoading-devgcdutwgmnjvbujxkuusisadmd/Build/Products/Debug/include -Xcc -I/Users/pablo.ruiz.local/Library/Developer/Xcode/DerivedData/BabyLoading-devgcdutwgmnjvbujxkuusisadmd/Build/Intermediates.noindex/BabyLoading.build/Debug/BabyLoading.build/DerivedSources-normal/arm64 -Xcc -I/Users/pablo.ruiz.local/Library/Developer/Xcode/DerivedData/BabyLoading-devgcdutwgmnjvbujxkuusisadmd/Build/Intermediates.noindex/BabyLoading.build/Debug/BabyLoading.build/DerivedSources/arm64 -Xcc -I/Users/pablo.ruiz.local/Library/Developer/Xcode/DerivedData/BabyLoading-devgcdutwgmnjvbujxkuusisadmd/Build/Intermediates.noindex/BabyLoading.build/Debug/BabyLoading.build/DerivedSources -Xcc -DDEBUG\=1 -emit-objc-header -emit-objc-header-path /Users/pablo.ruiz.local/Library/Developer/Xcode/DerivedData/BabyLoading-devgcdutwgmnjvbujxkuusisadmd/Build/Intermediates.noindex/BabyLoading.build/Debug/BabyLoading.build/Objects-normal/arm64/BabyLoading-Swift.h -working-directory /Users/pablo.ruiz.local/Documents/XCode/BabyLoading -experimental-emit-module-separately -disable-cmo

SwiftDriverJobDiscovery normal arm64 Compiling BabyProgressDataSource.swift, BabyProgressRepository.swift (in target 'BabyProgressWidgetExtension' from project 'BabyLoading')

SwiftDriverJobDiscovery normal arm64 Compiling ContentView.swift (in target 'BabyProgressWidgetExtension' from project 'BabyLoading')

SwiftDriver\ Compilation BabyProgressWidgetExtension normal arm64 com.apple.xcode.tools.swift.compiler (in target 'BabyProgressWidgetExtension' from project 'BabyLoading')
    cd /Users/pablo.ruiz.local/Documents/XCode/BabyLoading
    builtin-Swift-Compilation -- /Applications/Xcode.app/Contents/Developer/Toolchains/XcodeDefault.xctoolchain/usr/bin/swiftc -module-name BabyProgressWidgetExtension -Onone -enforce-exclusivity\=checked @/Users/pablo.ruiz.local/Library/Developer/Xcode/DerivedData/BabyLoading-devgcdutwgmnjvbujxkuusisadmd/Build/Intermediates.noindex/BabyLoading.build/Debug-iphoneos/BabyProgressWidgetExtension.build/Objects-normal/arm64/BabyProgressWidgetExtension.SwiftFileList -DDEBUG -enable-bare-slash-regex -enable-upcoming-feature DisableOutwardActorInference -enable-upcoming-feature InferSendableFromCaptures -enable-upcoming-feature GlobalActorIsolatedTypesUsability -enable-upcoming-feature MemberImportVisibility -enable-upcoming-feature InferIsolatedConformances -enable-upcoming-feature NonisolatedNonsendingByDefault -enable-experimental-feature DebugDescriptionMacro -sdk /Applications/Xcode.app/Contents/Developer/Platforms/iPhoneOS.platform/Developer/SDKs/iPhoneOS26.2.sdk -target arm64-apple-ios26.2 -g -module-cache-path /Users/pablo.ruiz.local/Library/Developer/Xcode/DerivedData/ModuleCache.noindex -Xfrontend -serialize-debugging-options -application-extension -enable-testing -index-store-path /Users/pablo.ruiz.local/Library/Developer/Xcode/DerivedData/BabyLoading-devgcdutwgmnjvbujxkuusisadmd/Index.noindex/DataStore -Xcc -D_LIBCPP_HARDENING_MODE\=_LIBCPP_HARDENING_MODE_DEBUG -swift-version 5 -I /Users/pablo.ruiz.local/Library/Developer/Xcode/DerivedData/BabyLoading-devgcdutwgmnjvbujxkuusisadmd/Build/Products/Debug-iphoneos -F /Users/pablo.ruiz.local/Library/Developer/Xcode/DerivedData/BabyLoading-devgcdutwgmnjvbujxkuusisadmd/Build/Products/Debug-iphoneos -emit-localized-strings -emit-localized-strings-path /Users/pablo.ruiz.local/Library/Developer/Xcode/DerivedData/BabyLoading-devgcdutwgmnjvbujxkuusisadmd/Build/Intermediates.noindex/BabyLoading.build/Debug-iphoneos/BabyProgressWidgetExtension.build/Objects-normal/arm64 -c -j10 -enable-batch-mode -incremental -Xcc -ivfsstatcache -Xcc /Users/pablo.ruiz.local/Library/Developer/Xcode/DerivedData/SDKStatCaches.noindex/iphoneos26.2-23C53-3794476bd08197c3e2abd9bb477ef7f7.sdkstatcache -output-file-map /Users/pablo.ruiz.local/Library/Developer/Xcode/DerivedData/BabyLoading-devgcdutwgmnjvbujxkuusisadmd/Build/Intermediates.noindex/BabyLoading.build/Debug-iphoneos/BabyProgressWidgetExtension.build/Objects-normal/arm64/BabyProgressWidgetExtension-OutputFileMap.json -use-frontend-parseable-output -save-temps -no-color-diagnostics -explicit-module-build -module-cache-path /Users/pablo.ruiz.local/Library/Developer/Xcode/DerivedData/BabyLoading-devgcdutwgmnjvbujxkuusisadmd/Build/Intermediates.noindex/SwiftExplicitPrecompiledModules -clang-scanner-module-cache-path /Users/pablo.ruiz.local/Library/Developer/Xcode/DerivedData/ModuleCache.noindex -sdk-module-cache-path /Users/pablo.ruiz.local/Library/Developer/Xcode/DerivedData/ModuleCache.noindex -serialize-diagnostics -emit-dependencies -emit-module -emit-module-path /Users/pablo.ruiz.local/Library/Developer/Xcode/DerivedData/BabyLoading-devgcdutwgmnjvbujxkuusisadmd/Build/Intermediates.noindex/BabyLoading.build/Debug-iphoneos/BabyProgressWidgetExtension.build/Objects-normal/arm64/BabyProgressWidgetExtension.swiftmodule -validate-clang-modules-once -clang-build-session-file /Users/pablo.ruiz.local/Library/Developer/Xcode/DerivedData/ModuleCache.noindex/Session.modulevalidation -Xcc -I/Users/pablo.ruiz.local/Library/Developer/Xcode/DerivedData/BabyLoading-devgcdutwgmnjvbujxkuusisadmd/Build/Intermediates.noindex/BabyLoading.build/Debug-iphoneos/BabyProgressWidgetExtension.build/swift-overrides.hmap -emit-const-values -Xfrontend -const-gather-protocols-file -Xfrontend /Users/pablo.ruiz.local/Library/Developer/Xcode/DerivedData/BabyLoading-devgcdutwgmnjvbujxkuusisadmd/Build/Intermediates.noindex/BabyLoading.build/Debug-iphoneos/BabyProgressWidgetExtension.build/Objects-normal/arm64/BabyProgressWidgetExtension_const_extract_protocols.json -Xcc -iquote -Xcc /Users/pablo.ruiz.local/Library/Developer/Xcode/DerivedData/BabyLoading-devgcdutwgmnjvbujxkuusisadmd/Build/Intermediates.noindex/BabyLoading.build/Debug-iphoneos/BabyProgressWidgetExtension.build/BabyProgressWidgetExtension-generated-files.hmap -Xcc -I/Users/pablo.ruiz.local/Library/Developer/Xcode/DerivedData/BabyLoading-devgcdutwgmnjvbujxkuusisadmd/Build/Intermediates.noindex/BabyLoading.build/Debug-iphoneos/BabyProgressWidgetExtension.build/BabyProgressWidgetExtension-own-target-headers.hmap -Xcc -I/Users/pablo.ruiz.local/Library/Developer/Xcode/DerivedData/BabyLoading-devgcdutwgmnjvbujxkuusisadmd/Build/Intermediates.noindex/BabyLoading.build/Debug-iphoneos/BabyProgressWidgetExtension.build/BabyProgressWidgetExtension-all-target-headers.hmap -Xcc -iquote -Xcc /Users/pablo.ruiz.local/Library/Developer/Xcode/DerivedData/BabyLoading-devgcdutwgmnjvbujxkuusisadmd/Build/Intermediates.noindex/BabyLoading.build/Debug-iphoneos/BabyProgressWidgetExtension.build/BabyProgressWidgetExtension-project-headers.hmap -Xcc -I/Users/pablo.ruiz.local/Library/Developer/Xcode/DerivedData/BabyLoading-devgcdutwgmnjvbujxkuusisadmd/Build/Products/Debug-iphoneos/include -Xcc -I/Users/pablo.ruiz.local/Library/Developer/Xcode/DerivedData/BabyLoading-devgcdutwgmnjvbujxkuusisadmd/Build/Intermediates.noindex/BabyLoading.build/Debug-iphoneos/BabyProgressWidgetExtension.build/DerivedSources-normal/arm64 -Xcc -I/Users/pablo.ruiz.local/Library/Developer/Xcode/DerivedData/BabyLoading-devgcdutwgmnjvbujxkuusisadmd/Build/Intermediates.noindex/BabyLoading.build/Debug-iphoneos/BabyProgressWidgetExtension.build/DerivedSources/arm64 -Xcc -I/Users/pablo.ruiz.local/Library/Developer/Xcode/DerivedData/BabyLoading-devgcdutwgmnjvbujxkuusisadmd/Build/Intermediates.noindex/BabyLoading.build/Debug-iphoneos/BabyProgressWidgetExtension.build/DerivedSources -Xcc -DDEBUG\=1 -emit-objc-header -emit-objc-header-path /Users/pablo.ruiz.local/Library/Developer/Xcode/DerivedData/BabyLoading-devgcdutwgmnjvbujxkuusisadmd/Build/Intermediates.noindex/BabyLoading.build/Debug-iphoneos/BabyProgressWidgetExtension.build/Objects-normal/arm64/BabyProgressWidgetExtension-Swift.h -working-directory /Users/pablo.ruiz.local/Documents/XCode/BabyLoading -experimental-emit-module-separately -disable-cmo

Ld /Users/pablo.ruiz.local/Library/Developer/Xcode/DerivedData/BabyLoading-devgcdutwgmnjvbujxkuusisadmd/Build/Products/Debug-iphoneos/BabyProgressWidgetExtension.appex/BabyProgressWidgetExtension.debug.dylib normal (in target 'BabyProgressWidgetExtension' from project 'BabyLoading')
    cd /Users/pablo.ruiz.local/Documents/XCode/BabyLoading
    /Applications/Xcode.app/Contents/Developer/Toolchains/XcodeDefault.xctoolchain/usr/bin/clang -Xlinker -reproducible -target arm64-apple-ios26.2 -dynamiclib -isysroot /Applications/Xcode.app/Contents/Developer/Platforms/iPhoneOS.platform/Developer/SDKs/iPhoneOS26.2.sdk -O0 -L/Users/pablo.ruiz.local/Library/Developer/Xcode/DerivedData/BabyLoading-devgcdutwgmnjvbujxkuusisadmd/Build/Intermediates.noindex/EagerLinkingTBDs/Debug-iphoneos -L/Users/pablo.ruiz.local/Library/Developer/Xcode/DerivedData/BabyLoading-devgcdutwgmnjvbujxkuusisadmd/Build/Products/Debug-iphoneos -F/Users/pablo.ruiz.local/Library/Developer/Xcode/DerivedData/BabyLoading-devgcdutwgmnjvbujxkuusisadmd/Build/Intermediates.noindex/EagerLinkingTBDs/Debug-iphoneos -F/Users/pablo.ruiz.local/Library/Developer/Xcode/DerivedData/BabyLoading-devgcdutwgmnjvbujxkuusisadmd/Build/Products/Debug-iphoneos -filelist /Users/pablo.ruiz.local/Library/Developer/Xcode/DerivedData/BabyLoading-devgcdutwgmnjvbujxkuusisadmd/Build/Intermediates.noindex/BabyLoading.build/Debug-iphoneos/BabyProgressWidgetExtension.build/Objects-normal/arm64/BabyProgressWidgetExtension.LinkFileList -install_name @rpath/BabyProgressWidgetExtension.debug.dylib -Xlinker -rpath -Xlinker @executable_path/Frameworks -Xlinker -rpath -Xlinker @executable_path/../../Frameworks -dead_strip -Xlinker -object_path_lto -Xlinker /Users/pablo.ruiz.local/Library/Developer/Xcode/DerivedData/BabyLoading-devgcdutwgmnjvbujxkuusisadmd/Build/Intermediates.noindex/BabyLoading.build/Debug-iphoneos/BabyProgressWidgetExtension.build/Objects-normal/arm64/BabyProgressWidgetExtension_lto.o -rdynamic -Xlinker -no_deduplicate -Xlinker -dependency_info -Xlinker /Users/pablo.ruiz.local/Library/Developer/Xcode/DerivedData/BabyLoading-devgcdutwgmnjvbujxkuusisadmd/Build/Intermediates.noindex/BabyLoading.build/Debug-iphoneos/BabyProgressWidgetExtension.build/Objects-normal/arm64/BabyProgressWidgetExtension_dependency_info.dat -fapplication-extension -fobjc-link-runtime -L/Applications/Xcode.app/Contents/Developer/Toolchains/XcodeDefault.xctoolchain/usr/lib/swift/iphoneos -L/usr/lib/swift -Xlinker -add_ast_path -Xlinker /Users/pablo.ruiz.local/Library/Developer/Xcode/DerivedData/BabyLoading-devgcdutwgmnjvbujxkuusisadmd/Build/Intermediates.noindex/BabyLoading.build/Debug-iphoneos/BabyProgressWidgetExtension.build/Objects-normal/arm64/BabyProgressWidgetExtension.swiftmodule @/Users/pablo.ruiz.local/Library/Developer/Xcode/DerivedData/BabyLoading-devgcdutwgmnjvbujxkuusisadmd/Build/Intermediates.noindex/BabyLoading.build/Debug-iphoneos/BabyProgressWidgetExtension.build/Objects-normal/arm64/BabyProgressWidgetExtension-linker-args.resp -Xlinker -alias -Xlinker _NSExtensionMain -Xlinker ___debug_main_executable_dylib_entry_point -framework SwiftUI -framework WidgetKit -Xlinker -no_adhoc_codesign -o /Users/pablo.ruiz.local/Library/Developer/Xcode/DerivedData/BabyLoading-devgcdutwgmnjvbujxkuusisadmd/Build/Products/Debug-iphoneos/BabyProgressWidgetExtension.appex/BabyProgressWidgetExtension.debug.dylib

SwiftEmitModule normal arm64 Emitting\ module\ for\ BabyLoading (in target 'BabyLoading' from project 'BabyLoading')
EmitSwiftModule normal arm64 (in target 'BabyLoading' from project 'BabyLoading')
    cd /Users/pablo.ruiz.local/Documents/XCode/BabyLoading
    

SwiftCompile normal arm64 Compiling\ DependencyContainer+ViewFactory.swift,\ WidgetReloader.swift /Users/pablo.ruiz.local/Documents/XCode/BabyLoading/BabyLoading/App/DependencyContainer+ViewFactory.swift /Users/pablo.ruiz.local/Documents/XCode/BabyLoading/BabyLoading/App/WidgetReloader.swift (in target 'BabyLoading' from project 'BabyLoading')
Failed frontend command:
/Applications/Xcode.app/Contents/Developer/Toolchains/XcodeDefault.xctoolchain/usr/bin/swift-frontend -frontend -c /Users/pablo.ruiz.local/Documents/XCode/BabyLoading/BabyLoading/App/BabyLoadingApp.swift /Users/pablo.ruiz.local/Documents/XCode/BabyLoading/BabyLoading/App/DependencyContainer.swift -primary-file /Users/pablo.ruiz.local/Documents/XCode/BabyLoading/BabyLoading/App/DependencyContainer+ViewFactory.swift -primary-file /Users/pablo.ruiz.local/Documents/XCode/BabyLoading/BabyLoading/App/WidgetReloader.swift /Users/pablo.ruiz.local/Documents/XCode/BabyLoading/BabyLoading/Data/BabyProgressDataSource.swift /Users/pablo.ruiz.local/Documents/XCode/BabyLoading/BabyLoading/Data/BabyProgressRepository.swift /Users/pablo.ruiz.local/Documents/XCode/BabyLoading/BabyLoading/Domain/BabySize.swift /Users/pablo.ruiz.local/Documents/XCode/BabyLoading/BabyLoading/Domain/PregnancyCalculator.swift /Users/pablo.ruiz.local/Documents/XCode/BabyLoading/BabyLoading/Presentation/Common/GradientBackground.swift /Users/pablo.ruiz.local/Documents/XCode/BabyLoading/BabyLoading/Presentation/Common/SoftCard.swift /Users/pablo.ruiz.local/Documents/XCode/BabyLoading/BabyLoading/Presentation/Modules/Dashboard/DashboardView.swift /Users/pablo.ruiz.local/Documents/XCode/BabyLoading/BabyLoading/Presentation/Modules/Gallery/GalleryView.swift /Users/pablo.ruiz.local/Documents/XCode/BabyLoading/BabyLoading/Presentation/Modules/Journey/JourneyView.swift /Users/pablo.ruiz.local/Documents/XCode/BabyLoading/BabyLoading/Presentation/Modules/Settings/SettingsView.swift /Users/pablo.ruiz.local/Documents/XCode/BabyLoading/BabyLoading/Presentation/Navigation/AppCoordinator.swift /Users/pablo.ruiz.local/Documents/XCode/BabyLoading/BabyLoading/Presentation/Navigation/MainTabView.swift /Users/pablo.ruiz.local/Documents/XCode/BabyLoading/BabyLoading/Presentation/BabyProgressViewModel.swift /Users/pablo.ruiz.local/Documents/XCode/BabyLoading/BabyLoading/Presentation/ContentView.swift /Users/pablo.ruiz.local/Library/Developer/Xcode/DerivedData/BabyLoading-devgcdutwgmnjvbujxkuusisadmd/Build/Intermediates.noindex/BabyLoading.build/Debug/BabyLoading.build/DerivedSources/GeneratedAssetSymbols.swift -emit-dependencies-path /Users/pablo.ruiz.local/Library/Developer/Xcode/DerivedData/BabyLoading-devgcdutwgmnjvbujxkuusisadmd/Build/Intermediates.noindex/BabyLoading.build/Debug/BabyLoading.build/Objects-normal/arm64/DependencyContainer+ViewFactory.d -emit-const-values-path /Users/pablo.ruiz.local/Library/Developer/Xcode/DerivedData/BabyLoading-devgcdutwgmnjvbujxkuusisadmd/Build/Intermediates.noindex/BabyLoading.build/Debug/BabyLoading.build/Objects-normal/arm64/DependencyContainer+ViewFactory.swiftconstvalues -emit-reference-dependencies-path /Users/pablo.ruiz.local/Library/Developer/Xcode/DerivedData/BabyLoading-devgcdutwgmnjvbujxkuusisadmd/Build/Intermediates.noindex/BabyLoading.build/Debug/BabyLoading.build/Objects-normal/arm64/DependencyContainer+ViewFactory.swiftdeps -serialize-diagnostics-path /Users/pablo.ruiz.local/Library/Developer/Xcode/DerivedData/BabyLoading-devgcdutwgmnjvbujxkuusisadmd/Build/Intermediates.noindex/BabyLoading.build/Debug/BabyLoading.build/Objects-normal/arm64/DependencyContainer+ViewFactory.dia -emit-dependencies-path /Users/pablo.ruiz.local/Library/Developer/Xcode/DerivedData/BabyLoading-devgcdutwgmnjvbujxkuusisadmd/Build/Intermediates.noindex/BabyLoading.build/Debug/BabyLoading.build/Objects-normal/arm64/WidgetReloader.d -emit-const-values-path /Users/pablo.ruiz.local/Library/Developer/Xcode/DerivedData/BabyLoading-devgcdutwgmnjvbujxkuusisadmd/Build/Intermediates.noindex/BabyLoading.build/Debug/BabyLoading.build/Objects-normal/arm64/WidgetReloader.swiftconstvalues -emit-reference-dependencies-path /Users/pablo.ruiz.local/Library/Developer/Xcode/DerivedData/BabyLoading-devgcdutwgmnjvbujxkuusisadmd/Build/Intermediates.noindex/BabyLoading.build/Debug/BabyLoading.build/Objects-normal/arm64/WidgetReloader.swiftdeps -serialize-diagnostics-path /Users/pablo.ruiz.local/Library/Developer/Xcode/DerivedData/BabyLoading-devgcdutwgmnjvbujxkuusisadmd/Build/Intermediates.noindex/BabyLoading.build/Debug/BabyLoading.build/Objects-normal/arm64/WidgetReloader.dia -emit-localized-strings -emit-localized-strings-path /Users/pablo.ruiz.local/Library/Developer/Xcode/DerivedData/BabyLoading-devgcdutwgmnjvbujxkuusisadmd/Build/Intermediates.noindex/BabyLoading.build/Debug/BabyLoading.build/Objects-normal/arm64 -target arm64-apple-macos26.2 -module-can-import-version AppKit 2685.30.107 2685.30.107 -module-can-import-version DeveloperToolsSupport 23.0.4 23.0.4 -module-can-import-version SwiftUI 7.2.5.1 7.2.5 -disable-cross-import-overlay-search -swift-module-cross-import PhotosUI /Applications/Xcode.app/Contents/Developer/Platforms/MacOSX.platform/Developer/SDKs/MacOSX.sdk/System/Library/Frameworks/PhotosUI.framework/Modules/PhotosUI.swiftcrossimport/SwiftUI.swiftoverlay -swift-module-cross-import PhotosUI /Applications/Xcode.app/Contents/Developer/Platforms/MacOSX.platform/Developer/SDKs/MacOSX.sdk/System/Library/Frameworks/PhotosUI.framework/Modules/PhotosUI.swiftcrossimport/WidgetKit.swiftoverlay -swift-module-cross-import PhotosUI /Applications/Xcode.app/Contents/Developer/Platforms/MacOSX.platform/Developer/SDKs/MacOSX26.2.sdk/System/Library/Frameworks/PhotosUI.framework/Modules/PhotosUI.swiftcrossimport/SwiftUI.swiftoverlay -swift-module-cross-import PhotosUI /Applications/Xcode.app/Contents/Developer/Platforms/MacOSX.platform/Developer/SDKs/MacOSX26.2.sdk/System/Library/Frameworks/PhotosUI.framework/Modules/PhotosUI.swiftcrossimport/WidgetKit.swiftoverlay -load-resolved-plugin /Applications/Xcode.app/Contents/Developer/Platforms/MacOSX.platform/Developer/usr/lib/swift/host/plugins/libAppIntentsMacros.dylib\#/Applications/Xcode.app/Contents/Developer/Platforms/MacOSX.platform/Developer/usr/bin/swift-plugin-server\#AppIntentsMacros -load-resolved-plugin /Applications/Xcode.app/Contents/Developer/Platforms/MacOSX.platform/Developer/usr/lib/swift/host/plugins/libFoundationMacros.dylib\#/Applications/Xcode.app/Contents/Developer/Platforms/MacOSX.platform/Developer/usr/bin/swift-plugin-server\#FoundationMacros -load-resolved-plugin /Applications/Xcode.app/Contents/Developer/Platforms/MacOSX.platform/Developer/usr/lib/swift/host/plugins/libObservationMacros.dylib\#/Applications/Xcode.app/Contents/Developer/Platforms/MacOSX.platform/Developer/usr/bin/swift-plugin-server\#ObservationMacros -load-resolved-plugin /Applications/Xcode.app/Contents/Developer/Platforms/MacOSX.platform/Developer/usr/lib/swift/host/plugins/libPreviewsMacros.dylib\#/Applications/Xcode.app/Contents/Developer/Platforms/MacOSX.platform/Developer/usr/bin/swift-plugin-server\#PreviewsMacros -load-resolved-plugin /Applications/Xcode.app/Contents/Developer/Platforms/MacOSX.platform/Developer/usr/lib/swift/host/plugins/libSwiftMacros.dylib\#/Applications/Xcode.app/Contents/Developer/Platforms/MacOSX.platform/Developer/usr/bin/swift-plugin-server\#SwiftMacros -load-resolved-plugin /Applications/Xcode.app/Contents/Developer/Platforms/MacOSX.platform/Developer/usr/lib/swift/host/plugins/libSwiftUIMacros.dylib\#/Applications/Xcode.app/Contents/Developer/Platforms/MacOSX.platform/Developer/usr/bin/swift-plugin-server\#SwiftUIMacros -disable-implicit-swift-modules -Xcc -fno-implicit-modules -Xcc -fno-implicit-module-maps -explicit-swift-module-map-file /Users/pablo.ruiz.local/Library/Developer/Xcode/DerivedData/BabyLoading-devgcdutwgmnjvbujxkuusisadmd/Build/Intermediates.noindex/BabyLoading.build/Debug/BabyLoading.build/Objects-normal/arm64/BabyLoading-dependencies-1.json -Xllvm -aarch64-use-tbi -enable-objc-interop -stack-check -sdk /Applications/Xcode.app/Contents/Developer/Platforms/MacOSX.platform/Developer/SDKs/MacOSX26.2.sdk -I /Users/pablo.ruiz.local/Library/Developer/Xcode/DerivedData/BabyLoading-devgcdutwgmnjvbujxkuusisadmd/Build/Products/Debug -F /Users/pablo.ruiz.local/Library/Developer/Xcode/DerivedData/BabyLoading-devgcdutwgmnjvbujxkuusisadmd/Build/Products/Debug -no-color-diagnostics -Xcc -fno-color-diagnostics -enable-testing -g -debug-info-format\=dwarf -dwarf-version\=5 -module-cache-path /Users/pablo.ruiz.local/Library/Developer/Xcode/DerivedData/BabyLoading-devgcdutwgmnjvbujxkuusisadmd/Build/Intermediates.noindex/SwiftExplicitPrecompiledModules -swift-version 5 -enforce-exclusivity\=checked -Onone -D DEBUG -serialize-debugging-options -const-gather-protocols-file /Users/pablo.ruiz.local/Library/Developer/Xcode/DerivedData/BabyLoading-devgcdutwgmnjvbujxkuusisadmd/Build/Intermediates.noindex/BabyLoading.build/Debug/BabyLoading.build/Objects-normal/arm64/BabyLoading_const_extract_protocols.json -enable-upcoming-feature DisableOutwardActorInference -enable-upcoming-feature InferSendableFromCaptures -enable-upcoming-feature GlobalActorIsolatedTypesUsability -enable-upcoming-feature MemberImportVisibility -enable-upcoming-feature InferIsolatedConformances -enable-upcoming-feature NonisolatedNonsendingByDefault -enable-experimental-feature DebugDescriptionMacro -enable-bare-slash-regex -default-isolation\=MainActor -empty-abi-descriptor -validate-clang-modules-once -clang-build-session-file /Users/pablo.ruiz.local/Library/Developer/Xcode/DerivedData/ModuleCache.noindex/Session.modulevalidation -Xcc -working-directory -Xcc /Users/pablo.ruiz.local/Documents/XCode/BabyLoading -enable-anonymous-context-mangled-names -file-compilation-dir /Users/pablo.ruiz.local/Documents/XCode/BabyLoading -Xcc -D_LIBCPP_HARDENING_MODE\=_LIBCPP_HARDENING_MODE_DEBUG -Xcc -ivfsstatcache -Xcc /Users/pablo.ruiz.local/Library/Developer/Xcode/DerivedData/SDKStatCaches.noindex/macosx26.2-25C57-00fa09913b459cbbc988d1f6730289ae.sdkstatcache -Xcc -I/Users/pablo.ruiz.local/Library/Developer/Xcode/DerivedData/BabyLoading-devgcdutwgmnjvbujxkuusisadmd/Build/Intermediates.noindex/BabyLoading.build/Debug/BabyLoading.build/swift-overrides.hmap -Xcc -iquote -Xcc /Users/pablo.ruiz.local/Library/Developer/Xcode/DerivedData/BabyLoading-devgcdutwgmnjvbujxkuusisadmd/Build/Intermediates.noindex/BabyLoading.build/Debug/BabyLoading.build/BabyLoading-generated-files.hmap -Xcc -I/Users/pablo.ruiz.local/Library/Developer/Xcode/DerivedData/BabyLoading-devgcdutwgmnjvbujxkuusisadmd/Build/Intermediates.noindex/BabyLoading.build/Debug/BabyLoading.build/BabyLoading-own-target-headers.hmap -Xcc -I/Users/pablo.ruiz.local/Library/Developer/Xcode/DerivedData/BabyLoading-devgcdutwgmnjvbujxkuusisadmd/Build/Intermediates.noindex/BabyLoading.build/Debug/BabyLoading.build/BabyLoading-all-target-headers.hmap -Xcc -iquote -Xcc /Users/pablo.ruiz.local/Library/Developer/Xcode/DerivedData/BabyLoading-devgcdutwgmnjvbujxkuusisadmd/Build/Intermediates.noindex/BabyLoading.build/Debug/BabyLoading.build/BabyLoading-project-headers.hmap -Xcc -I/Users/pablo.ruiz.local/Library/Developer/Xcode/DerivedData/BabyLoading-devgcdutwgmnjvbujxkuusisadmd/Build/Products/Debug/include -Xcc -I/Users/pablo.ruiz.local/Library/Developer/Xcode/DerivedData/BabyLoading-devgcdutwgmnjvbujxkuusisadmd/Build/Intermediates.noindex/BabyLoading.build/Debug/BabyLoading.build/DerivedSources-normal/arm64 -Xcc -I/Users/pablo.ruiz.local/Library/Developer/Xcode/DerivedData/BabyLoading-devgcdutwgmnjvbujxkuusisadmd/Build/Intermediates.noindex/BabyLoading.build/Debug/BabyLoading.build/DerivedSources/arm64 -Xcc -I/Users/pablo.ruiz.local/Library/Developer/Xcode/DerivedData/BabyLoading-devgcdutwgmnjvbujxkuusisadmd/Build/Intermediates.noindex/BabyLoading.build/Debug/BabyLoading.build/DerivedSources -Xcc -DDEBUG\=1 -no-auto-bridging-header-chaining -module-name BabyLoading -frontend-parseable-output -disable-clang-spi -target-sdk-version 26.2 -target-sdk-name macosx26.2 -clang-target arm64-apple-macos26.2 -in-process-plugin-server-path /Applications/Xcode.app/Contents/Developer/Toolchains/XcodeDefault.xctoolchain/usr/lib/swift/host/libSwiftInProcPluginServer.dylib -o /Users/pablo.ruiz.local/Library/Developer/Xcode/DerivedData/BabyLoading-devgcdutwgmnjvbujxkuusisadmd/Build/Intermediates.noindex/BabyLoading.build/Debug/BabyLoading.build/Objects-normal/arm64/DependencyContainer+ViewFactory.o -o /Users/pablo.ruiz.local/Library/Developer/Xcode/DerivedData/BabyLoading-devgcdutwgmnjvbujxkuusisadmd/Build/Intermediates.noindex/BabyLoading.build/Debug/BabyLoading.build/Objects-normal/arm64/WidgetReloader.o -index-unit-output-path /BabyLoading.build/Debug/BabyLoading.build/Objects-normal/arm64/DependencyContainer+ViewFactory.o -index-unit-output-path /BabyLoading.build/Debug/BabyLoading.build/Objects-normal/arm64/WidgetReloader.o -index-store-path /Users/pablo.ruiz.local/Library/Developer/Xcode/DerivedData/BabyLoading-devgcdutwgmnjvbujxkuusisadmd/Index.noindex/DataStore -index-system-modules

SwiftCompile normal arm64 /Users/pablo.ruiz.local/Documents/XCode/BabyLoading/BabyLoading/App/DependencyContainer+ViewFactory.swift (in target 'BabyLoading' from project 'BabyLoading')
    cd /Users/pablo.ruiz.local/Documents/XCode/BabyLoading
    
/Users/pablo.ruiz.local/Documents/XCode/BabyLoading/BabyLoading/App/DependencyContainer+ViewFactory.swift:15:23: error: missing argument for parameter 'viewModel' in call
        DashboardView()
                      ^
                      viewModel: <#BabyProgressViewModel#>
/Users/pablo.ruiz.local/Documents/XCode/BabyLoading/BabyLoading/Presentation/Modules/Dashboard/DashboardView.swift:3:8: note: 'init(viewModel:)' declared here
struct DashboardView: View {
       ^
/Users/pablo.ruiz.local/Documents/XCode/BabyLoading/BabyLoading/App/DependencyContainer+ViewFactory.swift:20:21: error: missing argument for parameter 'viewModel' in call
        JourneyView()
                    ^
                    viewModel: <#BabyProgressViewModel#>
/Users/pablo.ruiz.local/Documents/XCode/BabyLoading/BabyLoading/Presentation/Modules/Journey/JourneyView.swift:3:8: note: 'init(viewModel:)' declared here
struct JourneyView: View {
       ^
/Users/pablo.ruiz.local/Documents/XCode/BabyLoading/BabyLoading/App/DependencyContainer+ViewFactory.swift:25:21: error: missing argument for parameter 'viewModel' in call
        GalleryView()
                    ^
                    viewModel: <#BabyProgressViewModel#>
/Users/pablo.ruiz.local/Documents/XCode/BabyLoading/BabyLoading/Presentation/Modules/Gallery/GalleryView.swift:7:8: note: 'init(viewModel:)' declared here
struct GalleryView: View {
       ^
/Users/pablo.ruiz.local/Documents/XCode/BabyLoading/BabyLoading/App/DependencyContainer+ViewFactory.swift:30:22: error: missing argument for parameter 'viewModel' in call
        SettingsView()
                     ^
                     viewModel: <#BabyProgressViewModel#>
/Users/pablo.ruiz.local/Documents/XCode/BabyLoading/BabyLoading/Presentation/Modules/Settings/SettingsView.swift:3:8: note: 'init(viewModel:)' declared here
struct SettingsView: View {
       ^

SwiftCompile normal arm64 /Users/pablo.ruiz.local/Documents/XCode/BabyLoading/BabyLoading/App/WidgetReloader.swift (in target 'BabyLoading' from project 'BabyLoading')
    cd /Users/pablo.ruiz.local/Documents/XCode/BabyLoading
    

SwiftCompile normal arm64 Compiling\ BabySize.swift,\ PregnancyCalculator.swift /Users/pablo.ruiz.local/Documents/XCode/BabyLoading/BabyLoading/Domain/BabySize.swift /Users/pablo.ruiz.local/Documents/XCode/BabyLoading/BabyLoading/Domain/PregnancyCalculator.swift (in target 'BabyLoading' from project 'BabyLoading')
SwiftCompile normal arm64 /Users/pablo.ruiz.local/Documents/XCode/BabyLoading/BabyLoading/Domain/BabySize.swift (in target 'BabyLoading' from project 'BabyLoading')
    cd /Users/pablo.ruiz.local/Documents/XCode/BabyLoading
    

SwiftCompile normal arm64 /Users/pablo.ruiz.local/Documents/XCode/BabyLoading/BabyLoading/Domain/PregnancyCalculator.swift (in target 'BabyLoading' from project 'BabyLoading')
    cd /Users/pablo.ruiz.local/Documents/XCode/BabyLoading
    

SwiftCompile normal arm64 Compiling\ GeneratedAssetSymbols.swift /Users/pablo.ruiz.local/Library/Developer/Xcode/DerivedData/BabyLoading-devgcdutwgmnjvbujxkuusisadmd/Build/Intermediates.noindex/BabyLoading.build/Debug/BabyLoading.build/DerivedSources/GeneratedAssetSymbols.swift (in target 'BabyLoading' from project 'BabyLoading')

SwiftCompile normal arm64 /Users/pablo.ruiz.local/Library/Developer/Xcode/DerivedData/BabyLoading-devgcdutwgmnjvbujxkuusisadmd/Build/Intermediates.noindex/BabyLoading.build/Debug/BabyLoading.build/DerivedSources/GeneratedAssetSymbols.swift (in target 'BabyLoading' from project 'BabyLoading')
    cd /Users/pablo.ruiz.local/Documents/XCode/BabyLoading
    

SwiftCompile normal arm64 Compiling\ BabyProgressViewModel.swift,\ ContentView.swift /Users/pablo.ruiz.local/Documents/XCode/BabyLoading/BabyLoading/Presentation/BabyProgressViewModel.swift /Users/pablo.ruiz.local/Documents/XCode/BabyLoading/BabyLoading/Presentation/ContentView.swift (in target 'BabyLoading' from project 'BabyLoading')

SwiftCompile normal arm64 /Users/pablo.ruiz.local/Documents/XCode/BabyLoading/BabyLoading/Presentation/BabyProgressViewModel.swift (in target 'BabyLoading' from project 'BabyLoading')
    cd /Users/pablo.ruiz.local/Documents/XCode/BabyLoading
    

SwiftCompile normal arm64 /Users/pablo.ruiz.local/Documents/XCode/BabyLoading/BabyLoading/Presentation/ContentView.swift (in target 'BabyLoading' from project 'BabyLoading')
    cd /Users/pablo.ruiz.local/Documents/XCode/BabyLoading
    

SwiftCompile normal arm64 Compiling\ GradientBackground.swift,\ SoftCard.swift /Users/pablo.ruiz.local/Documents/XCode/BabyLoading/BabyLoading/Presentation/Common/GradientBackground.swift /Users/pablo.ruiz.local/Documents/XCode/BabyLoading/BabyLoading/Presentation/Common/SoftCard.swift (in target 'BabyLoading' from project 'BabyLoading')

SwiftCompile normal arm64 /Users/pablo.ruiz.local/Documents/XCode/BabyLoading/BabyLoading/Presentation/Common/GradientBackground.swift (in target 'BabyLoading' from project 'BabyLoading')
    cd /Users/pablo.ruiz.local/Documents/XCode/BabyLoading
    

SwiftCompile normal arm64 /Users/pablo.ruiz.local/Documents/XCode/BabyLoading/BabyLoading/Presentation/Common/SoftCard.swift (in target 'BabyLoading' from project 'BabyLoading')
    cd /Users/pablo.ruiz.local/Documents/XCode/BabyLoading
    

SwiftCompile normal arm64 Compiling\ DashboardView.swift,\ GalleryView.swift /Users/pablo.ruiz.local/Documents/XCode/BabyLoading/BabyLoading/Presentation/Modules/Dashboard/DashboardView.swift /Users/pablo.ruiz.local/Documents/XCode/BabyLoading/BabyLoading/Presentation/Modules/Gallery/GalleryView.swift (in target 'BabyLoading' from project 'BabyLoading')

SwiftCompile normal arm64 /Users/pablo.ruiz.local/Documents/XCode/BabyLoading/BabyLoading/Presentation/Modules/Dashboard/DashboardView.swift (in target 'BabyLoading' from project 'BabyLoading')
    cd /Users/pablo.ruiz.local/Documents/XCode/BabyLoading
    

SwiftCompile normal arm64 /Users/pablo.ruiz.local/Documents/XCode/BabyLoading/BabyLoading/Presentation/Modules/Gallery/GalleryView.swift (in target 'BabyLoading' from project 'BabyLoading')
    cd /Users/pablo.ruiz.local/Documents/XCode/BabyLoading
    

SwiftCompile normal arm64 Compiling\ BabyLoadingApp.swift,\ DependencyContainer.swift /Users/pablo.ruiz.local/Documents/XCode/BabyLoading/BabyLoading/App/BabyLoadingApp.swift /Users/pablo.ruiz.local/Documents/XCode/BabyLoading/BabyLoading/App/DependencyContainer.swift (in target 'BabyLoading' from project 'BabyLoading')
SwiftCompile normal arm64 /Users/pablo.ruiz.local/Documents/XCode/BabyLoading/BabyLoading/App/BabyLoadingApp.swift (in target 'BabyLoading' from project 'BabyLoading')
    cd /Users/pablo.ruiz.local/Documents/XCode/BabyLoading
    

SwiftCompile normal arm64 /Users/pablo.ruiz.local/Documents/XCode/BabyLoading/BabyLoading/App/DependencyContainer.swift (in target 'BabyLoading' from project 'BabyLoading')
    cd /Users/pablo.ruiz.local/Documents/XCode/BabyLoading
    

ConstructStubExecutorLinkFileList /Users/pablo.ruiz.local/Library/Developer/Xcode/DerivedData/BabyLoading-devgcdutwgmnjvbujxkuusisadmd/Build/Intermediates.noindex/BabyLoading.build/Debug-iphoneos/BabyProgressWidgetExtension.build/BabyProgressWidgetExtension-ExecutorLinkFileList-normal-arm64.txt (in target 'BabyProgressWidgetExtension' from project 'BabyLoading')
    cd /Users/pablo.ruiz.local/Documents/XCode/BabyLoading
    construct-stub-executor-link-file-list /Users/pablo.ruiz.local/Library/Developer/Xcode/DerivedData/BabyLoading-devgcdutwgmnjvbujxkuusisadmd/Build/Products/Debug-iphoneos/BabyProgressWidgetExtension.appex/BabyProgressWidgetExtension.debug.dylib /Applications/Xcode.app/Contents/Developer/Platforms/iPhoneOS.platform/Developer/usr/lib/libPreviewsJITStubExecutor_no_swift_entry_point.a /Applications/Xcode.app/Contents/Developer/Platforms/iPhoneOS.platform/Developer/usr/lib/libPreviewsJITStubExecutor.a --output /Users/pablo.ruiz.local/Library/Developer/Xcode/DerivedData/BabyLoading-devgcdutwgmnjvbujxkuusisadmd/Build/Intermediates.noindex/BabyLoading.build/Debug-iphoneos/BabyProgressWidgetExtension.build/BabyProgressWidgetExtension-ExecutorLinkFileList-normal-arm64.txt
note: Using stub executor library with Swift entry point. (in target 'BabyProgressWidgetExtension' from project 'BabyLoading')

LinkAssetCatalog /Users/pablo.ruiz.local/Documents/XCode/BabyLoading/BabyProgressWidget/Assets.xcassets /Users/pablo.ruiz.local/Documents/XCode/BabyLoading/BabyLoading/Resources/Assets.xcassets (in target 'BabyLoading' from project 'BabyLoading')
    cd /Users/pablo.ruiz.local/Documents/XCode/BabyLoading
    builtin-linkAssetCatalog --thinned /Users/pablo.ruiz.local/Library/Developer/Xcode/DerivedData/BabyLoading-devgcdutwgmnjvbujxkuusisadmd/Build/Intermediates.noindex/BabyLoading.build/Debug/BabyLoading.build/assetcatalog_output/thinned --thinned-dependencies /Users/pablo.ruiz.local/Library/Developer/Xcode/DerivedData/BabyLoading-devgcdutwgmnjvbujxkuusisadmd/Build/Intermediates.noindex/BabyLoading.build/Debug/BabyLoading.build/assetcatalog_dependencies_thinned --thinned-info-plist-content /Users/pablo.ruiz.local/Library/Developer/Xcode/DerivedData/BabyLoading-devgcdutwgmnjvbujxkuusisadmd/Build/Intermediates.noindex/BabyLoading.build/Debug/BabyLoading.build/assetcatalog_generated_info.plist_thinned --unthinned /Users/pablo.ruiz.local/Library/Developer/Xcode/DerivedData/BabyLoading-devgcdutwgmnjvbujxkuusisadmd/Build/Intermediates.noindex/BabyLoading.build/Debug/BabyLoading.build/assetcatalog_output/unthinned --unthinned-dependencies /Users/pablo.ruiz.local/Library/Developer/Xcode/DerivedData/BabyLoading-devgcdutwgmnjvbujxkuusisadmd/Build/Intermediates.noindex/BabyLoading.build/Debug/BabyLoading.build/assetcatalog_dependencies_unthinned --unthinned-info-plist-content /Users/pablo.ruiz.local/Library/Developer/Xcode/DerivedData/BabyLoading-devgcdutwgmnjvbujxkuusisadmd/Build/Intermediates.noindex/BabyLoading.build/Debug/BabyLoading.build/assetcatalog_generated_info.plist_unthinned --output /Users/pablo.ruiz.local/Library/Developer/Xcode/DerivedData/BabyLoading-devgcdutwgmnjvbujxkuusisadmd/Build/Products/Debug/BabyLoading.app/Contents/Resources --plist-output /Users/pablo.ruiz.local/Library/Developer/Xcode/DerivedData/BabyLoading-devgcdutwgmnjvbujxkuusisadmd/Build/Intermediates.noindex/BabyLoading.build/Debug/BabyLoading.build/assetcatalog_generated_info.plist
note: Emplaced /Users/pablo.ruiz.local/Library/Developer/Xcode/DerivedData/BabyLoading-devgcdutwgmnjvbujxkuusisadmd/Build/Products/Debug/BabyLoading.app/Contents/Resources/Assets.car (in target 'BabyLoading' from project 'BabyLoading')

Ld /Users/pablo.ruiz.local/Library/Developer/Xcode/DerivedData/BabyLoading-devgcdutwgmnjvbujxkuusisadmd/Build/Products/Debug-iphoneos/BabyProgressWidgetExtension.appex/BabyProgressWidgetExtension normal (in target 'BabyProgressWidgetExtension' from project 'BabyLoading')
    cd /Users/pablo.ruiz.local/Documents/XCode/BabyLoading
    /Applications/Xcode.app/Contents/Developer/Toolchains/XcodeDefault.xctoolchain/usr/bin/clang -Xlinker -reproducible -target arm64-apple-ios26.2 -isysroot /Applications/Xcode.app/Contents/Developer/Platforms/iPhoneOS.platform/Developer/SDKs/iPhoneOS26.2.sdk -O0 -L/Users/pablo.ruiz.local/Library/Developer/Xcode/DerivedData/BabyLoading-devgcdutwgmnjvbujxkuusisadmd/Build/Products/Debug-iphoneos -F/Users/pablo.ruiz.local/Library/Developer/Xcode/DerivedData/BabyLoading-devgcdutwgmnjvbujxkuusisadmd/Build/Products/Debug-iphoneos -Xlinker -rpath -Xlinker @executable_path -Xlinker -rpath -Xlinker @executable_path/Frameworks -Xlinker -rpath -Xlinker @executable_path/../../Frameworks -rdynamic -Xlinker -no_deduplicate -e ___debug_blank_executor_main -Xlinker -sectcreate -Xlinker __TEXT -Xlinker __debug_dylib -Xlinker /Users/pablo.ruiz.local/Library/Developer/Xcode/DerivedData/BabyLoading-devgcdutwgmnjvbujxkuusisadmd/Build/Intermediates.noindex/BabyLoading.build/Debug-iphoneos/BabyProgressWidgetExtension.build/BabyProgressWidgetExtension-DebugDylibPath-normal-arm64.txt -Xlinker -sectcreate -Xlinker __TEXT -Xlinker __debug_entry -Xlinker /Users/pablo.ruiz.local/Library/Developer/Xcode/DerivedData/BabyLoading-devgcdutwgmnjvbujxkuusisadmd/Build/Intermediates.noindex/BabyLoading.build/Debug-iphoneos/BabyProgressWidgetExtension.build/BabyProgressWidgetExtension-DebugEntryPoint-normal-arm64.txt -Xlinker -sectcreate -Xlinker __TEXT -Xlinker __debug_instlnm -Xlinker /Users/pablo.ruiz.local/Library/Developer/Xcode/DerivedData/BabyLoading-devgcdutwgmnjvbujxkuusisadmd/Build/Intermediates.noindex/BabyLoading.build/Debug-iphoneos/BabyProgressWidgetExtension.build/BabyProgressWidgetExtension-DebugDylibInstallName-normal-arm64.txt -Xlinker -filelist -Xlinker /Users/pablo.ruiz.local/Library/Developer/Xcode/DerivedData/BabyLoading-devgcdutwgmnjvbujxkuusisadmd/Build/Intermediates.noindex/BabyLoading.build/Debug-iphoneos/BabyProgressWidgetExtension.build/BabyProgressWidgetExtension-ExecutorLinkFileList-normal-arm64.txt /Users/pablo.ruiz.local/Library/Developer/Xcode/DerivedData/BabyLoading-devgcdutwgmnjvbujxkuusisadmd/Build/Products/Debug-iphoneos/BabyProgressWidgetExtension.appex/BabyProgressWidgetExtension.debug.dylib -Xlinker -no_adhoc_codesign -o /Users/pablo.ruiz.local/Library/Developer/Xcode/DerivedData/BabyLoading-devgcdutwgmnjvbujxkuusisadmd/Build/Products/Debug-iphoneos/BabyProgressWidgetExtension.appex/BabyProgressWidgetExtension
clang: error: unable to execute command: Interrupt: 2
clang: error: linker command failed due to signal (use -v to see invocation)
Apple clang version 17.0.0 (clang-1700.6.3.2)
Target: arm64-apple-ios26.2
Thread model: posix
InstalledDir: /Applications/Xcode.app/Contents/Developer/Toolchains/XcodeDefault.xctoolchain/usr/bin

SwiftCompile normal arm64 Compiling\ AppCoordinator.swift,\ MainTabView.swift /Users/pablo.ruiz.local/Documents/XCode/BabyLoading/BabyLoading/Presentation/Navigation/AppCoordinator.swift /Users/pablo.ruiz.local/Documents/XCode/BabyLoading/BabyLoading/Presentation/Navigation/MainTabView.swift (in target 'BabyLoading' from project 'BabyLoading')

** BUILD FAILED **


The following build commands failed:
	SwiftCompile normal arm64 Compiling\ DependencyContainer+ViewFactory.swift,\ WidgetReloader.swift /Users/pablo.ruiz.local/Documents/XCode/BabyLoading/BabyLoading/App/DependencyContainer+ViewFactory.swift /Users/pablo.ruiz.local/Documents/XCode/BabyLoading/BabyLoading/App/WidgetReloader.swift (in target 'BabyLoading' from project 'BabyLoading')
	SwiftCompile normal arm64 /Users/pablo.ruiz.local/Documents/XCode/BabyLoading/BabyLoading/App/DependencyContainer+ViewFactory.swift (in target 'BabyLoading' from project 'BabyLoading')
	Building project BabyLoading with scheme BabyLoading
(3 failures)
